###############################################################################
#
# IAR ELF Linker V8.20.1.14183/W32 for ARM                06/Feb/2021  10:34:39
# Copyright 2007-2017 IAR Systems AB.
#
#    Output file  =  ZigbeeMinimalSoc.out
#    Map file     =  
#        D:/ZigBee/ZigbeeMinimalSoc/IAR ARM - Default -
#        EFR32MG1B232F256GM48/ZigbeeMinimalSoc.map
#    Command line =  
#        ./zcl-framework-core/af-event.o ./zcl-framework-core/af-main-common.o
#        ./zcl-framework-core/af-main-soc.o ./zcl-framework-core/af-node.o
#        ./zcl-framework-core/af-security-common.o
#        ./zcl-framework-core/af-trust-center.o
#        ./zcl-framework-core/attribute-size.o
#        ./zcl-framework-core/attribute-storage.o
#        ./zcl-framework-core/attribute-table.o
#        ./zcl-framework-core/client-api.o ./zcl-framework-core/core-cli.o
#        ./zcl-framework-core/crypto-state.o ./zcl-framework-core/message.o
#        ./zcl-framework-core/multi-network.o
#        ./zcl-framework-core/network-cli.o ./zcl-framework-core/option-cli.o
#        ./zcl-framework-core/plugin-cli.o
#        ./zcl-framework-core/print-formatter.o ./zcl-framework-core/print.o
#        ./zcl-framework-core/process-cluster-message.o
#        ./zcl-framework-core/process-global-message.o
#        ./zcl-framework-core/security-cli.o
#        ./zcl-framework-core/service-discovery-common.o
#        ./zcl-framework-core/service-discovery-soc.o
#        ./zcl-framework-core/time-util.o ./zcl-framework-core/util.o
#        ./zcl-framework-core/zcl-cli.o ./zcl-framework-core/zdo-cli.o
#        ./update-tc-link-key/update-tc-link-key-cli.o
#        ./update-tc-link-key/update-tc-link-key.o
#        ./strong-random/strong-random-api.o ./simple-main/simple-main.o
#        ./serial/EFR32/serial.o ./serial/com.o ./scan-dispatch/scan-dispatch.o
#        ./nvm3/EFR32/nvm3_default.o ./nvm3/EFR32/nvm3_hal_flash.o
#        ./nvm3/nvm3_lock.o ./network-steering/network-steering-cli.o
#        ./network-steering/network-steering-soc.o
#        ./network-steering/network-steering-v2.o
#        ./network-steering/network-steering.o ./mbedtls/EFR32/aes.o
#        ./mbedtls/EFR32/aes_aes.o ./mbedtls/EFR32/aesni.o
#        ./mbedtls/EFR32/arc4.o ./mbedtls/EFR32/asn1parse.o
#        ./mbedtls/EFR32/asn1write.o ./mbedtls/EFR32/base64.o
#        ./mbedtls/EFR32/bignum.o ./mbedtls/EFR32/blowfish.o
#        ./mbedtls/EFR32/camellia.o ./mbedtls/EFR32/ccm.o
#        ./mbedtls/EFR32/certs.o ./mbedtls/EFR32/cipher.o
#        ./mbedtls/EFR32/cipher_wrap.o ./mbedtls/EFR32/cmac.o
#        ./mbedtls/EFR32/crypto_aes.o ./mbedtls/EFR32/crypto_ble.o
#        ./mbedtls/EFR32/crypto_ecp.o ./mbedtls/EFR32/crypto_management.o
#        ./mbedtls/EFR32/crypto_sha.o ./mbedtls/EFR32/cryptoacc_aes.o
#        ./mbedtls/EFR32/cryptoacc_ccm.o ./mbedtls/EFR32/cryptoacc_cmac.o
#        ./mbedtls/EFR32/cryptoacc_ecp.o ./mbedtls/EFR32/cryptoacc_gcm.o
#        ./mbedtls/EFR32/cryptoacc_management.o ./mbedtls/EFR32/cryptoacc_sha.o
#        ./mbedtls/EFR32/cryptoacc_trng.o ./mbedtls/EFR32/ctr_drbg.o
#        ./mbedtls/EFR32/debug.o ./mbedtls/EFR32/des.o ./mbedtls/EFR32/dhm.o
#        ./mbedtls/EFR32/ecdh.o ./mbedtls/EFR32/ecdsa.o
#        ./mbedtls/EFR32/ecjpake.o ./mbedtls/EFR32/ecp.o
#        ./mbedtls/EFR32/ecp_curves.o ./mbedtls/EFR32/entropy.o
#        ./mbedtls/EFR32/entropy_adc.o ./mbedtls/EFR32/entropy_poll.o
#        ./mbedtls/EFR32/entropy_rail.o ./mbedtls/EFR32/error.o
#        ./mbedtls/EFR32/gcm.o ./mbedtls/EFR32/havege.o
#        ./mbedtls/EFR32/hmac_drbg.o ./mbedtls/EFR32/md.o ./mbedtls/EFR32/md2.o
#        ./mbedtls/EFR32/md4.o ./mbedtls/EFR32/md5.o ./mbedtls/EFR32/md_wrap.o
#        ./mbedtls/EFR32/memory_buffer_alloc.o ./mbedtls/EFR32/net_sockets.o
#        ./mbedtls/EFR32/oid.o ./mbedtls/EFR32/padlock.o ./mbedtls/EFR32/pem.o
#        ./mbedtls/EFR32/pk.o ./mbedtls/EFR32/pk_wrap.o
#        ./mbedtls/EFR32/pkcs11.o ./mbedtls/EFR32/pkcs12.o
#        ./mbedtls/EFR32/pkcs5.o ./mbedtls/EFR32/pkparse.o
#        ./mbedtls/EFR32/pkwrite.o ./mbedtls/EFR32/radioaes.o
#        ./mbedtls/EFR32/radioaes_aes.o ./mbedtls/EFR32/radioaes_ble.o
#        ./mbedtls/EFR32/ripemd160.o ./mbedtls/EFR32/rsa.o
#        ./mbedtls/EFR32/rsa_internal.o ./mbedtls/EFR32/se_aes.o
#        ./mbedtls/EFR32/se_ccm.o ./mbedtls/EFR32/se_cmac.o
#        ./mbedtls/EFR32/se_ecp.o ./mbedtls/EFR32/se_gcm.o
#        ./mbedtls/EFR32/se_jpake.o ./mbedtls/EFR32/se_management.o
#        ./mbedtls/EFR32/se_sha.o ./mbedtls/EFR32/se_trng.o
#        ./mbedtls/EFR32/sha1.o ./mbedtls/EFR32/sha256.o
#        ./mbedtls/EFR32/sha512.o ./mbedtls/EFR32/shax.o
#        ./mbedtls/EFR32/ssl_cache.o ./mbedtls/EFR32/ssl_ciphersuites.o
#        ./mbedtls/EFR32/ssl_cli.o ./mbedtls/EFR32/ssl_cookie.o
#        ./mbedtls/EFR32/ssl_srv.o ./mbedtls/EFR32/ssl_ticket.o
#        ./mbedtls/EFR32/ssl_tls.o ./mbedtls/EFR32/threading.o
#        ./mbedtls/EFR32/timing.o ./mbedtls/EFR32/trng.o
#        ./mbedtls/EFR32/version.o ./mbedtls/EFR32/version_features.o
#        ./mbedtls/EFR32/x509.o ./mbedtls/EFR32/x509_create.o
#        ./mbedtls/EFR32/x509_crl.o ./mbedtls/EFR32/x509_crt.o
#        ./mbedtls/EFR32/x509_csr.o ./mbedtls/EFR32/x509write_crt.o
#        ./mbedtls/EFR32/x509write_csr.o ./mbedtls/EFR32/xtea.o
#        ./hal-library/EFR32/hal-config-gpio.o ./hal-library/EFR32/hal-config.o
#        ./hal-library/EFR32/sl_mpu.o ./emlib/em_adc.o ./emlib/em_cmu.o
#        ./emlib/em_core.o ./emlib/em_cryotimer.o ./emlib/em_emu.o
#        ./emlib/em_eusart.o ./emlib/em_gpio.o ./emlib/em_i2c.o
#        ./emlib/em_ldma.o ./emlib/em_leuart.o ./emlib/em_msc.o
#        ./emlib/em_prs.o ./emlib/em_rmu.o ./emlib/em_rtcc.o ./emlib/em_se.o
#        ./emlib/em_system.o ./emlib/em_timer.o ./emlib/em_usart.o
#        ./emlib/em_wdog.o ./emlib/system_efr32mg1b.o ./emdrv/dmadrv.o
#        ./emdrv/gpiointerrupt.o ./emdrv/sl_sleeptimer.o
#        ./emdrv/sl_sleeptimer_hal_rtcc.o ./emdrv/sleep.o ./emdrv/tempdrv.o
#        ./emdrv/uartdrv.o ./emdrv/ustimer.o
#        ./ember-minimal-printf/ember-printf.o ./efr32/assert-crash-handlers.o
#        ./efr32/button.o ./efr32/buzzer-efr32.o ./efr32/cstartup-common.o
#        ./efr32/diagnostic.o ./efr32/ext-device.o ./efr32/faults-v7m.o
#        ./efr32/isr-stubs.o ./efr32/led.o ./efr32/mfg-token.o
#        ./efr32/micro-common.o ./efr32/micro.o ./efr32/sleep-efm32.o
#        ./efr32/token.o ./debug-jtag/EFR32/debug-jtag-efr32.o
#        ./debug-basic-library/EFR32/SEGGER_RTT.o
#        ./coexistence-stub/EFR32/coexistence-802154.o
#        ./coexistence-stub/EFR32/coulomb-counter-802154.o
#        ./ccm-encryption/ccm-star.o ./antenna-stub/antenna-stub.o
#        ./ZigbeeMinimalSoc_callbacks.o ./call-command-handler.o
#        ./callback-stub.o ./command-interpreter2.o ./crc.o
#        ./ember-base-configuration.o ./ember-configuration.o ./endian.o
#        ./library.o ./mem-util.o ./random.o ./security-address-cache.o
#        ./stack-handler-stub.o ./token-def.o ./zigbee-device-common.o
#        ./zigbee-device-library.o ./znet-bookkeeping.o ./znet-cli.o -o
#        ZigbeeMinimalSoc.out --config
#        D:/SiliconLabs/SimplicityStudio/v4/developer/sdks/gecko_sdk_suite/v2.7//platform/base/hal/micro/cortexm3/efm32/iar-cfg.icf
#        --config_def NULL_BTL=1 --config_def FLASH_SIZE=262144 --config_def
#        RAM_SIZE=32768 --config_def SIMEEPROM_SIZE=36864 --config_def
#        LOCKBITS_IN_MAINFLASH_SIZE=0 --config_def EMBER_MALLOC_HEAP_SIZE=0
#        --config_def HEADER_SIZE=256 --config_def PSSTORE_SIZE=0 --config_def
#        LONGTOKEN_SIZE=0 --config_def BTL_SIZE=16384 --no_wrap_diagnostics
#        D:/SiliconLabs/SimplicityStudio/v4/developer/sdks/gecko_sdk_suite/v2.7//protocol/zigbee/build/source-route-stub-library-cortexm3-iar-efr32mg1b-rail/source-route-stub-library.a
#        D:/SiliconLabs/SimplicityStudio/v4/developer/sdks/gecko_sdk_suite/v2.7//platform/emdrv/nvm3/lib/libnvm3_CM4_iar.a
#        D:/SiliconLabs/SimplicityStudio/v4/developer/sdks/gecko_sdk_suite/v2.7//protocol/zigbee/build/debug-extended-stub-library-cortexm3-iar-efr32mg1b-rail/debug-extended-stub-library.a
#        D:/SiliconLabs/SimplicityStudio/v4/developer/sdks/gecko_sdk_suite/v2.7//protocol/zigbee/build/debug-basic-library-cortexm3-iar-efr32mg1b-rail/debug-basic-library.a
#        D:/SiliconLabs/SimplicityStudio/v4/developer/sdks/gecko_sdk_suite/v2.7//protocol/zigbee/build/cbke-library-dsa-verify-283k1-stub-cortexm3-iar-efr32mg1b-rail/cbke-library-dsa-verify-283k1-stub.a
#        D:/SiliconLabs/SimplicityStudio/v4/developer/sdks/gecko_sdk_suite/v2.7//platform/radio/rail_lib/autogen/librail_release/librail_efr32xg1_iar_release.a
#        D:/SiliconLabs/SimplicityStudio/v4/developer/sdks/gecko_sdk_suite/v2.7//protocol/zigbee/build/install-code-library-stub-cortexm3-iar-efr32mg1b-rail/install-code-library-stub.a
#        D:/SiliconLabs/SimplicityStudio/v4/developer/sdks/gecko_sdk_suite/v2.7//protocol/zigbee/build/zigbee-r22-support-stub-library-cortexm3-iar-efr32mg1b-rail/zigbee-r22-support-stub-library.a
#        D:/SiliconLabs/SimplicityStudio/v4/developer/sdks/gecko_sdk_suite/v2.7//protocol/zigbee/build/cbke-163k1-stub-library-cortexm3-iar-efr32mg1b-rail/cbke-163k1-stub-library.a
#        D:/SiliconLabs/SimplicityStudio/v4/developer/sdks/gecko_sdk_suite/v2.7//protocol/zigbee/build/zll-stub-library-cortexm3-iar-efr32mg1b-rail/zll-stub-library.a
#        D:/SiliconLabs/SimplicityStudio/v4/developer/sdks/gecko_sdk_suite/v2.7//protocol/zigbee/build/packet-validate-library-cortexm3-iar-efr32mg1b-rail/packet-validate-library.a
#        D:/SiliconLabs/SimplicityStudio/v4/developer/sdks/gecko_sdk_suite/v2.7//protocol/zigbee/build/multi-network-stub-library-cortexm3-iar-efr32mg1b-rail/multi-network-stub-library.a
#        D:/SiliconLabs/SimplicityStudio/v4/developer/sdks/gecko_sdk_suite/v2.7//protocol/zigbee/build/gp-stub-library-cortexm3-iar-efr32mg1b-rail/gp-stub-library.a
#        D:/SiliconLabs/SimplicityStudio/v4/developer/sdks/gecko_sdk_suite/v2.7//protocol/zigbee/build/cbke-library-dsa-sign-stub-cortexm3-iar-efr32mg1b-rail/cbke-library-dsa-sign-stub.a
#        D:/SiliconLabs/SimplicityStudio/v4/developer/sdks/gecko_sdk_suite/v2.7//protocol/zigbee/build/binding-table-library-cortexm3-iar-efr32mg1b-rail/binding-table-library.a
#        D:/SiliconLabs/SimplicityStudio/v4/developer/sdks/gecko_sdk_suite/v2.7//protocol/zigbee/build/zigbee-pro-stack-cortexm3-iar-efr32mg1b-rail/zigbee-pro-stack.a
#        D:/SiliconLabs/SimplicityStudio/v4/developer/sdks/gecko_sdk_suite/v2.7//protocol/zigbee/build/cbke-library-dsa-verify-stub-cortexm3-iar-efr32mg1b-rail/cbke-library-dsa-verify-stub.a
#        D:/SiliconLabs/SimplicityStudio/v4/developer/sdks/gecko_sdk_suite/v2.7//protocol/zigbee/build/security-library-link-keys-stub-cortexm3-iar-efr32mg1b-rail/security-library-link-keys-stub.a
#        D:/SiliconLabs/SimplicityStudio/v4/developer/sdks/gecko_sdk_suite/v2.7//protocol/zigbee/build/end-device-bind-stub-library-cortexm3-iar-efr32mg1b-rail/end-device-bind-stub-library.a
#        D:/SiliconLabs/SimplicityStudio/v4/developer/sdks/gecko_sdk_suite/v2.7//protocol/zigbee/build/cbke-stub-library-cortexm3-iar-efr32mg1b-rail/cbke-stub-library.a
#        D:/SiliconLabs/SimplicityStudio/v4/developer/sdks/gecko_sdk_suite/v2.7//protocol/zigbee/build/sim-eeprom2-to-nvm3-upgrade-stub-library-cortexm3-iar-efr32mg1b-rail/sim-eeprom2-to-nvm3-upgrade-stub-library.a
#        D:/SiliconLabs/SimplicityStudio/v4/developer/sdks/gecko_sdk_suite/v2.7//protocol/zigbee/build/cbke-283k1-stub-library-cortexm3-iar-efr32mg1b-rail/cbke-283k1-stub-library.a
#        D:/SiliconLabs/SimplicityStudio/v4/developer/sdks/gecko_sdk_suite/v2.7//protocol/zigbee/build/hal-library-cortexm3-iar-efr32mg1b-rail/hal-library.a
#        --entry __iar_program_start --map "D:/ZigBee/ZigbeeMinimalSoc/IAR ARM
#        - Default - EFR32MG1B232F256GM48/ZigbeeMinimalSoc.map" --log_file
#        "D:/ZigBee/ZigbeeMinimalSoc/IAR ARM - Default -
#        EFR32MG1B232F256GM48/ZigbeeMinimalSoc.log" --log
#        initialization,modules,sections,veneers --diag_suppress=Lp012
#        --redirect _Printf=_PrintfSmallNoMb --redirect _Scanf=_ScanfFullNoMb
#
###############################################################################

*******************************************************************************
*** RUNTIME MODEL ATTRIBUTES
***

CppFlavor       = *
__SystemLibrary = DLib
__dlib_version  = 6


*******************************************************************************
*** HEAP SELECTION
***

The basic heap was selected because no calls to memory allocation
functions were found in the application outside of system library
functions, and there are calls to deallocation functions in the
application.


*******************************************************************************
*** PLACEMENT SUMMARY
***

define block HEADER_block with fixed order { ro section BAT, ro section AAT };
"HEADERS":
       place at start of [from 0x00000000 to 0x000000ff] { block HEADER_block };
define block APPRO_block
   with fixed order {
      ro section .intvec, ro section .textrw_init, ro section .gatt_header,
      ro section .gatt_data, ro section .text, ro section CODE,
      ro section .rodata, ro section .data_init, ro section .iar.init_table,
      ro section __DLIB_PERTHREAD_init };
"APP ro":
       place at start of [from 0x00000100 to 0x0003ffff] { block APPRO_block };
"SIMEE&LOCKBITS":
       place at end of [from 0x00000100 to 0x0003ffff] {
          zi section SIMEE, zi section INTERNAL_STORAGE, zi section LONGTOKEN,
          zi section PSSTORE, zi section LOCKBITS_IN_MAINFLASH };
define block ALIGN_EMHEAP with alignment = 8 { rw section EMHEAP };
define block RESETHEAP
   with fixed order {
      rw section RESETINFO, rw section .noinitnew, block ALIGN_EMHEAP };
"ResetHeap":
       place at start of [from 0x20000000 to 0x20007fef] { block RESETHEAP };
"Guard":
       place in [from 0x20000000 to 0x20007fef] { rw section GUARD_REGION };
define block ALIGN_CSTACK with alignment = 8 { rw section CSTACK };
define block DLIB_PERTHREAD_INITIALIZED_DATA { rw section __DLIB_PERTHREAD };
define block DLIB_PERTHREAD_ZERO_DATA { zi section __DLIB_PERTHREAD };
define block HEAP with size = 0M, alignment = 8 { };
define block APPRW_block
   with fixed order {
      block ALIGN_CSTACK, rw section .textrw, rw section .data,
      block DLIB_PERTHREAD_INITIALIZED_DATA, block DLIB_PERTHREAD_ZERO_DATA,
      rw section .bss, rw section .noinitlegacy, block HEAP };
"APP rw":
       place at end of [from 0x20000000 to 0x20007fef] { block APPRW_block };
do not initialize {
   rw section .noinitlegacy, rw section .noinitnew, rw section CSTACK,
   rw section RESETINFO, rw section EMHEAP, zi section SIMEE,
   zi section INTERNAL_STORAGE, zi section LONGTOKEN, zi section PSSTORE,
   zi section LOCKBITS_IN_MAINFLASH };
initialize by copy { rw };

No sections matched the following patterns:

  ro section .gatt_data             in block APPRO_block
  ro section .gatt_header           in block APPRO_block
  ro section .iar.init_table        in block APPRO_block
  ro section .textrw_init           in block APPRO_block
  ro section CODE                   in block APPRO_block
  ro section __DLIB_PERTHREAD_init  in block APPRO_block
  rw section .noinitlegacy          in block APPRW_block
  rw section .noinitnew             in block RESETHEAP
  rw section .textrw                in block APPRW_block
  rw section DEBUG_CHANNEL          in "DEBUGCHAN"
  rw section __DLIB_PERTHREAD       in block DLIB_PERTHREAD_INITIALIZED_DATA
  zi section INTERNAL_STORAGE       in "SIMEE&LOCKBITS"
  zi section LOCKBITS_IN_MAINFLASH  in "SIMEE&LOCKBITS"
  zi section LONGTOKEN              in "SIMEE&LOCKBITS"
  zi section PSSTORE                in "SIMEE&LOCKBITS"
  zi section __DLIB_PERTHREAD       in block DLIB_PERTHREAD_ZERO_DATA


  Section                Kind        Address     Size  Object
  -------                ----        -------     ----  ------
"HEADERS":                                      0x100
  HEADER_block                    0x00000000    0x100  <Block>
    BAT                  const    0x00000000     0x54  cstartup-common.o [7]
    AAT                  const    0x00000054     0xac  cstartup-common.o [7]
                                - 0x00000100    0x100

"APP ro":                                     0x2da78
  APPRO_block                     0x00000100  0x2da78  <Block>
    .intvec              const    0x00000100     0xc8  startup_efr32mg1b.o [36]
    .text                         0x000001c8  0x27fa2  <Block>
      .text              ro code  0x000001c8     0x64  af-event.o [22]
      .text              ro code  0x0000022c    0x224  event-control.o [47]
      .text              ro code  0x00000450     0x10  crypto-state.o [22]
      .text              ro code  0x00000460      0xc  em_core.o [10]
      .text              ro code  0x0000046c      0x6  em_core.o [10]
      .text              ro code  0x00000472      0x2  startup_efr32mg1b.o [36]
      .text              ro code  0x00000474    0x138  system-timer.o [36]
      .text              ro code  0x000005ac    0x1f8  assert-crash-handlers.o [7]
      .text              ro code  0x000007a4     0x1a  em_core.o [10]
      .text              ro code  0x000007be     0x4a  ember-configuration.o [1]
      .text              ro code  0x00000808      0x8  em_core.o [10]
      .text              ro code  0x00000810    0x4ee  sl_sleeptimer.o [9]
      .text              ro code  0x00000cfe      0x2  startup_efr32mg1b.o [36]
      .text              ro code  0x00000d00    0x1a4  ustimer.o [9]
      .text              ro code  0x00000ea4    0x884  em_cmu.o [10]
      .text              ro code  0x00001728    0x16c  sleep-efm32.o [7]
      .text              ro code  0x00001894   0x1388  phy.o [47]
      .text              ro code  0x00002c1c     0xa4  micro-common.o [7]
      .text              ro code  0x00002cc0      0x8  em_core.o [10]
      .text              ro code  0x00002cc8    0x2d4  debug.o [31]
      .text              ro code  0x00002f9c     0xb2  serial.o [18]
      .text              ro code  0x0000304e      0x2  startup_efr32mg1b.o [36]
      .text              ro code  0x00003050     0xa8  micro-internal.o [36]
      .text              ro code  0x000030f8    0x198  sl_sleeptimer_hal_rtcc.o [9]
      .text              ro code  0x00003290    0x22e  I64DivMod.o [43]
      .text              ro code  0x000034be      0x2  startup_efr32mg1b.o [36]
      .text              ro code  0x000034c0     0x1e  U64Shr.o [43]
      .text              ro code  0x000034de      0x6  rail_zwave_rf_hal.o [39]
      .text              ro code  0x000034e4     0xa6  ABImemcpy.o [43]
      .text              ro code  0x0000358a    0x10a  em_timer.o [10]
      .text              ro code  0x00003694     0xe4  system_efr32mg1b.o [10]
      .text              ro code  0x00003778     0xd4  callback-stub.o [1]
      .text              ro code  0x0000384c    0x870  com.o [17]
      .text              ro code  0x000040bc    0x752  em_emu.o [10]
      .text              ro code  0x0000480e     0xe4  em_wdog.o [10]
      .text              ro code  0x000048f2      0xc  coexistence-802154.o [4]
      .text              ro code  0x000048fe     0x7a  lz77_init_single.o [43]
      .text              ro code  0x00004978    0x140  rail_singleprotocol.o [39]
      .text              ro code  0x00004ab8      0x4  rail_timer.o [39]
      .text              ro code  0x00004abc     0xd4  rail_tx.o [39]
      .text              ro code  0x00004b90     0xbe  rail_calibration.o [39]
      .text              ro code  0x00004c50    0x1c8  rail_ieee802154.o [39]
      .text              ro code  0x00004e18    0x3e8  rail_rf.o [39]
      .text              ro code  0x00005200     0x5e  duty-cycle-stub.o [47]
      .text              ro code  0x0000525e      0xc  antenna-stub.o [2]
      .text              ro code  0x0000526c     0xa0  rail_data.o [39]
      .text              ro code  0x0000530c     0x54  micro-common-internal.o [36]
      .text              ro code  0x00005360     0x26  rail_rx.o [39]
      .text              ro code  0x00005388    0x480  lower-mac-efr32.o [47]
      .text              ro code  0x00005808    0x504  micro.o [7]
      .text              ro code  0x00005d0c    0x1ba  mfg-token.o [7]
      .text              ro code  0x00005ec8     0x18  eui64.o [47]
      .text              ro code  0x00005ee0     0xb0  rail_autoack.o [39]
      .text              ro code  0x00005f90      0x6  rail_pti.o [39]
      .text              ro code  0x00005f98     0x48  child-table.o [47]
      .text              ro code  0x00005fe0    0x5ad  mac-indirect.o [47]
      .text              ro code  0x0000658e      0x2  phy.o [47]
      .text              ro code  0x00006590      0x6  ember-base-configuration.o [1]
      .text              ro code  0x00006598      0x4  faults-v7m.o [7]
      .text              ro code  0x0000659c     0xa0  em_rmu.o [10]
      .text              ro code  0x0000663c    0x248  debug-jtag-efr32.o [6]
      .text              ro code  0x00006884    0x724  packet-buffer.o [47]
      .text              ro code  0x00006fa8     0x14  debug-extended-stub.o [32]
      .text              ro code  0x00006fbc    0x1fc  ember-stack-common.o [47]
      .text              ro code  0x000071b8    0x2ae  ember-printf.o [8]
      .text              ro code  0x00007468     0x94  em_rtcc.o [10]
      .text              ro code  0x000074fc      0x2  I64DivZer.o [43]
      .text              ro code  0x00007500   0x126e  uartdrv.o [9]
      .text              ro code  0x00008770    0x158  em_usart.o [10]
      .text              ro code  0x000088c8     0x8c  em_leuart.o [10]
      .text              ro code  0x00008954      0x6  ABImemclr4.o [43]
      .text              ro code  0x0000895c    0x168  em_gpio.o [10]
      .text              ro code  0x00008ac4      0x2  em_emu.o [10]
      .text              ro code  0x00008ac8     0x34  em_system.o [10]
      .text              ro code  0x00008afc   0x14dc  rail_rf_hal.o [39]
      .text              ro code  0x00009fd8      0x6  rail_rssi.o [39]
      .text              ro code  0x00009fe0     0xc8  pa_conversions_efr32.o [39]
      .text              ro code  0x0000a0a8     0x28  rfhal_module.o [39]
      .text              ro code  0x0000a0d0     0xb0  pa_conversions_efr32.o [39]
      .text              ro code  0x0000a180      0x8  em_core.o [10]
      .text              ro code  0x0000a188      0x6  em_core.o [10]
      .text              ro code  0x0000a190     0x50  rfhal_ircal.o [39]
      .text              ro code  0x0000a1e0    0x238  rail_ieee802154_rf_hal.o [39]
      .text              ro code  0x0000a418     0x18  rail_assert.o [39]
      .text              ro code  0x0000a430    0x300  token.o [7]
      .text              ro code  0x0000a730     0x5e  byte-utilities.o [47]
      .text              ro code  0x0000a790    0x728  child.o [47]
      .text              ro code  0x0000aeb8      0x4  ember-duty-cycle-stub.o [47]
      .text              ro code  0x0000aebc    0x268  packet-header.o [47]
      .text              ro code  0x0000b124    0x1e4  ember-multi-network-stub.o [41]
      .text              ro code  0x0000b308    0x8b0  upper-mac.o [47]
      .text              ro code  0x0000bbb8     0xb4  led.o [7]
      .text              ro code  0x0000bc6c    0x10c  symbol-timer.o [47]
      .text              ro code  0x0000bd78     0xb6  mem-util.o [1]
      .text              ro code  0x0000be30    0x168  sl_mpu.o [11]
      .text              ro code  0x0000bf98     0xa0  cstartup-common.o [7]
      .text              ro code  0x0000c038     0xc8  hal-config.o [11]
      .text              ro code  0x0000c100    0x2c8  tempdrv.o [9]
      .text              ro code  0x0000c3c8     0x1c  pa_conversions_efr32.o [39]
      .text              ro code  0x0000c3e4     0xc0  flash.o [36]
      .text              ro code  0x0000c4a4     0x22  I64Shl.o [43]
      .text              ro code  0x0000c4c8   0x1878  network.o [47]
      .text              ro code  0x0000dd40     0x70  faults-v7m.o [7]
      .text              ro code  0x0000ddb0    0x16c  SEGGER_RTT.o [5]
      .text              ro code  0x0000df1c     0x24  crc.o [1]
      .text              ro code  0x0000df40     0x1e  mac-dispatch.o [47]
      .text              ro code  0x0000df60     0x1c  zdo-r22-stub.o [48]
      .text              ro code  0x0000df7c     0x2e  zll-stubs.o [49]
      .text              ro code  0x0000dfac    0x5c8  af-main-soc.o [22]
      .text              ro code  0x0000e574    0x440  zigbee-stack.o [47]
      .text              ro code  0x0000e9b4   0x1400  association.o [47]
      .text              ro code  0x0000fdb4    0x2d4  management.o [47]
      .text              ro code  0x00010088     0x14  strong-random-api.o [20]
      .text              ro code  0x0001009c    0x434  dmadrv.o [9]
      .text              ro code  0x000104d0     0xbc  gpiointerrupt.o [9]
      .text              ro code  0x0001058c     0x4c  em_core.o [10]
      .text              ro code  0x000105d8     0x32  ABImemset48.o [43]
      .text              ro code  0x0001060c    0x20a  rfhal_timings.o [39]
      .text              ro code  0x00010818    0x3a0  rfhal_radio.o [39]
      .text              ro code  0x00010bb8    0xecc  generic_phy.o [39]
      .text              ro code  0x00011a84    0x628  rfhal_pa.o [39]
      .text              ro code  0x000120ac    0x5dc  rfhal_bufc.o [39]
      .text              ro code  0x00012688    0x43c  rfhal_protimer.o [39]
      .text              ro code  0x00012ac4     0x58  rfhal_tempcal.o [39]
      .text              ro code  0x00012b1c    0x3f4  rfhal_synth.o [39]
      .text              ro code  0x00012f10      0x6  ABImemclr.o [43]
      .text              ro code  0x00012f18    0x138  rfhal_rand.o [39]
      .text              ro code  0x00013050    0x11c  rfhal_pti.o [39]
      .text              ro code  0x0001316c      0x4  sim-eeprom2-to-nvm3-upgrade-stub.o [45]
      .text              ro code  0x00013170   0x1c3e  nvm3.o [38]
      .text              ro code  0x00014db0    0x150  child-aging.o [47]
      .text              ro code  0x00014f00     0x28  enhanced-beacon-request-stub.o [48]
      .text              ro code  0x00014f28    0x7b0  neighbor.o [47]
      .text              ro code  0x000156d8    0x348  random-id.o [47]
      .text              ro code  0x00015a20     0x36  source-route-stub.o [46]
      .text              ro code  0x00015a58    0x328  address-table.o [47]
      .text              ro code  0x00015d80    0x51c  route-table.o [47]
      .text              ro code  0x0001629c     0x50  random.o [1]
      .text              ro code  0x000162ec     0x34  mac-info-element-parsing-stub.o [48]
      .text              ro code  0x00016320    0x4b8  scan.o [47]
      .text              ro code  0x000167d8    0x620  command.o [47]
      .text              ro code  0x00016df8    0x2c0  jit.o [47]
      .text              ro code  0x000170b8    0x32c  mac-header.o [47]
      .text              ro code  0x000173e4     0x66  ABImemset.o [43]
      .text              ro code  0x0001744c      0x4  faults-v7m.o [7]
      .text              ro code  0x00017450    0x172  button.o [7]
      .text              ro code  0x000175c4    0x1b4  em_msc.o [10]
      .text              ro code  0x00017778    0x1c4  broadcast.o [47]
      .text              ro code  0x0001793c    0x2e2  retry.o [47]
      .text              ro code  0x00017c20    0x22c  store-forward.o [47]
      .text              ro code  0x00017e4c     0x64  unicast-table.o [47]
      .text              ro code  0x00017eb0     0x18  gp-stub.o [35]
      .text              ro code  0x00017ec8    0x314  child-handling.o [47]
      .text              ro code  0x000181dc    0x3b4  crypto.o [47]
      .text              ro code  0x00018590    0x5bc  aps-encryption.o [47]
      .text              ro code  0x00018b4c    0x628  zigbee-packet-header.o [47]
      .text              ro code  0x00019174    0x7d8  route-discovery.o [47]
      .text              ro code  0x0001994c    0xa8c  application-support.o [47]
      .text              ro code  0x0001a3d8    0xd8c  aps-security.o [47]
      .text              ro code  0x0001b164    0x1e8  zigbee-neighbor.o [47]
      .text              ro code  0x0001b34c    0x2d4  packet-validate.o [42]
      .text              ro code  0x0001b620    0x99c  beacon-handling.o [47]
      .text              ro code  0x0001bfbc    0x15e  route-error.o [47]
      .text              ro code  0x0001c11c    0x3e2  leave.o [47]
      .text              ro code  0x0001c500    0x370  neighbor-exchange.o [47]
      .text              ro code  0x0001c870    0x984  aps-retry.o [47]
      .text              ro code  0x0001d1f4    0x124  print.o [22]
      .text              ro code  0x0001d318    0x3b0  diagnostic.o [7]
      .text              ro code  0x0001d6c8     0x58  multi-network.o [22]
      .text              ro code  0x0001d720    0x87c  af-main-common.o [22]
      .text              ro code  0x0001df9c    0x848  attribute-storage.o [22]
      .text              ro code  0x0001e7e4     0x46  znet-bookkeeping.o [1]
      .text              ro code  0x0001e82c     0xa4  security-address-cache.o [1]
      .text              ro code  0x0001e8d0    0x734  command-interpreter2.o [1]
      .text              ro code  0x0001f004     0xfc  zigbee-dispatch.o [47]
      .text              ro code  0x0001f100    0x294  zigbee-device-library.o [1]
      .text              ro code  0x0001f394    0x484  binding-table.o [24]
      .text              ro code  0x0001f818    0x174  scan-dispatch.o [16]
      .text              ro code  0x0001f98c     0x90  ember-library.o [47]
      .text              ro code  0x0001fa1c     0x12  phy-util.o [47]
      .text              ro code  0x0001fa2e      0x6  cbke-crypto-engine-163k1-stub.o [25]
      .text              ro code  0x0001fa34      0x6  cbke-crypto-engine-283k1-stub.o [26]
      .text              ro code  0x0001fa3c    0x448  zdo-channel.o [47]
      .text              ro code  0x0001fe84      0xe  cbke-crypto-engine-stub.o [30]
      .text              ro code  0x0001fe94    0x6a8  aps-keys.o [47]
      .text              ro code  0x0002053c    0x99c  zigbee-device-util.o [47]
      .text              ro code  0x00020ed8    0x114  token-cache.o [47]
      .text              ro code  0x00020fec      0xc  ember-multi-phy-stub.o [47]
      .text              ro code  0x00020ff8    0x644  trust-center-util.o [47]
      .text              ro code  0x0002163c    0x18c  em_ldma.o [10]
      .text              ro code  0x000217c8     0x44  em_core.o [10]
      .text              ro code  0x0002180c     0x8c  seq_globals.o [39]
      .text              ro code  0x00021898      0xc  rail_ble_rf_hal.o [39]
      .text              ro code  0x000218a4    0x256  nvm3_page.o [38]
      .text              ro code  0x00021afc    0x1ba  nvm3_object.o [38]
      .text              ro code  0x00021cb8    0x242  nvm3_cache.o [38]
      .text              ro code  0x00021efc     0x68  memcmp.o [43]
      .text              ro code  0x00021f64     0x3e  nvm3_utils.o [38]
      .text              ro code  0x00021fa4     0x10  nvm3_lock.o [14]
      .text              ro code  0x00021fb4      0xc  nvm3_lock.o [14]
      .text              ro code  0x00021fc0     0x90  aes-efm32.o [47]
      .text              ro code  0x00022050    0x1c4  ccm-star.o [3]
      .text              ro code  0x00022214    0x14a  aes-mmo.o [47]
      .text              ro code  0x0002235e     0x62  hmac.o [47]
      .text              ro code  0x000223c0    0x528  aps-keys-transient.o [47]
      .text              ro code  0x000228e8      0x4  cbke-crypto-engine-dsa-sign-stub.o [27]
      .text              ro code  0x000228ec      0x4  install-code-stub.o [37]
      .text              ro code  0x000228f0     0x1a  aps-keys-full-stub.o [44]
      .text              ro code  0x0002290c     0xdc  af-trust-center.o [22]
      .text              ro code  0x000229e8    0x99a  util.o [22]
      .text              ro code  0x00023384    0x46c  service-discovery-common.o [22]
      .text              ro code  0x000237f0     0xf0  message.o [22]
      .text              ro code  0x000238e0    0x680  network-steering-v2.o [13]
      .text              ro code  0x00023f60     0x50  ZigbeeMinimalSoc_callbacks.o [1]
      .text              ro code  0x00023fb0    0x108  update-tc-link-key.o [21]
      .text              ro code  0x000240b8    0x52c  core-cli.o [22]
      .text              ro code  0x000245e4     0xfc  zigbee-device-common.o [1]
      .text              ro code  0x000246e0     0xca  security-config-mfg-3xx.o [47]
      .text              ro code  0x000247ac    0xa18  zigbee-device.o [47]
      .text              ro code  0x000251c4      0x8  end-device-bind-stub.o [34]
      .text              ro code  0x000251cc    0x1c4  crypto_aes.o [12]
      .text              ro code  0x00025390     0x24  client-api.o [22]
      .text              ro code  0x000253b4    0x120  time-util.o [22]
      .text              ro code  0x000254d4    0x154  print-formatter.o [22]
      .text              ro code  0x00025628     0x50  process-cluster-message.o [22]
      .text              ro code  0x00025678    0x51e  process-global-message.o [22]
      .text              ro code  0x00025b96     0x56  service-discovery-soc.o [22]
      .text              ro code  0x00025bec      0x2  af-security-common.o [22]
      .text              ro code  0x00025bf0    0x1bc  zdo-binding-table.o [24]
      .text              ro code  0x00025dac     0x38  crypto_management.o [12]
      .text              ro code  0x00025de4     0x36  call-command-handler.o [1]
      .text              ro code  0x00025e1c    0x486  attribute-table.o [22]
      .text              ro code  0x000262a4     0x58  attribute-size.o [22]
      .text              ro code  0x000262fc    0x310  network-cli.o [22]
      .text              ro code  0x0002660c    0x35c  option-cli.o [22]
      .text              ro code  0x00026968    0x368  security-cli.o [22]
      .text              ro code  0x00026cd0    0xa6e  zcl-cli.o [22]
      .text              ro code  0x00027740    0x56a  zdo-cli.o [22]
      .text              ro code  0x00027cac     0xe0  nvm3_hal_flash.o [15]
      .text              ro code  0x00027d8c    0x1fc  network-steering-cli.o [13]
      .text              ro code  0x00027f88      0x4  faults-v7m.o [7]
      .text              ro code  0x00027f8c      0x4  faults-v7m.o [7]
      .text              ro code  0x00027f90      0x4  faults-v7m.o [7]
      .text              ro code  0x00027f94      0x4  faults-v7m.o [7]
      .text              ro code  0x00027f98      0x4  faults-v7m.o [7]
      .text              ro code  0x00027f9c      0x4  isr-stubs.o [7]
      .text              ro code  0x00027fa0     0xb0  library.o [1]
      .text              ro code  0x00028050     0x10  rfhal_rfsense.o [39]
      .text              ro code  0x00028060     0x22  fpinit_M.o [40]
      .text              ro code  0x00028084     0x1e  cmain.o [43]
      .text              ro code  0x000280a2      0x4  low_level_init.o [33]
      .text              ro code  0x000280a8     0x28  data_init.o [43]
      .text              ro code  0x000280d0     0x12  simple-main.o [19]
      .text              ro code  0x000280e2      0x4  exit.o [33]
      .text              ro code  0x000280e8      0xa  cexit.o [43]
      .text              ro code  0x000280f4      0xc  XXexit.o [43]
      .text              ro code  0x00028100     0x10  update-tc-link-key-cli.o [21]
      .text              ro code  0x00028110      0xe  startup_efr32mg1b.o [36]
      .text              ro code  0x0002811e      0xc  cstartup_M.o [43]
      .text              ro code  0x0002812a     0x40  zero_init3.o [43]
    .rodata              const    0x0002816c     0x20  af-event.o [22]
    .rodata              const    0x0002818c     0x20  af-event.o [22]
    .rodata              const    0x000281ac     0x20  af-event.o [22]
    .rodata              const    0x000281cc     0x20  af-event.o [22]
    .rodata              const    0x000281ec     0x28  af-event.o [22]
    .rodata              const    0x00028214     0x1c  af-event.o [22]
    .rodata              const    0x00028230     0x30  af-event.o [22]
    .rodata              const    0x00028260      0xc  af-event.o [22]
    .rodata              const    0x0002826c     0x48  af-event.o [22]
    .rodata              const    0x000282b4      0xc  af-main-common.o [22]
    .rodata              const    0x000282c0      0x8  af-main-common.o [22]
    .rodata              const    0x000282c8      0x8  af-main-common.o [22]
    .rodata              const    0x000282d0      0x8  af-main-common.o [22]
    .rodata              const    0x000282d8      0x8  af-main-common.o [22]
    .rodata              const    0x000282e0      0x8  af-main-common.o [22]
    .rodata              const    0x000282e8      0x8  af-main-common.o [22]
    .rodata              const    0x000282f0      0x4  af-main-common.o [22]
    .rodata              const    0x000282f4      0x8  af-main-common.o [22]
    .rodata              const    0x000282fc      0x8  af-main-common.o [22]
    .rodata              const    0x00028304     0x10  af-main-common.o [22]
    .rodata              const    0x00028314      0x8  af-main-common.o [22]
    .rodata              const    0x0002831c      0x4  af-main-common.o [22]
    .rodata              const    0x00028320     0x3c  af-main-common.o [22]
    .rodata              const    0x0002835c     0x18  af-main-common.o [22]
    .rodata              const    0x00028374     0x28  af-main-common.o [22]
    .rodata              const    0x0002839c     0x14  af-main-common.o [22]
    .rodata              const    0x000283b0      0x8  af-main-common.o [22]
    .rodata              const    0x000283b8      0x8  af-main-common.o [22]
    .rodata              const    0x000283c0     0x10  af-main-common.o [22]
    .rodata              const    0x000283d0     0x28  af-main-common.o [22]
    .rodata              const    0x000283f8     0x18  af-main-common.o [22]
    .rodata              const    0x00028410     0x1c  af-main-common.o [22]
    .rodata              const    0x0002842c     0x24  af-main-common.o [22]
    .rodata              const    0x00028450      0x8  af-main-common.o [22]
    .rodata              const    0x00028458     0x14  af-main-common.o [22]
    .rodata              const    0x0002846c     0x34  af-main-common.o [22]
    .rodata              const    0x000284a0     0x30  af-main-common.o [22]
    .rodata              const    0x000284d0     0x14  af-main-common.o [22]
    .rodata              const    0x000284e4      0x8  af-main-common.o [22]
    .rodata              const    0x000284ec      0x8  af-main-common.o [22]
    .rodata              const    0x000284f4      0xc  af-main-common.o [22]
    .rodata              const    0x00028500      0x8  af-main-common.o [22]
    .rodata              const    0x00028508     0x10  af-main-common.o [22]
    .rodata              const    0x00028518      0x8  af-main-common.o [22]
    .rodata              const    0x00028520      0xc  af-main-common.o [22]
    .rodata              const    0x0002852c     0x20  af-main-common.o [22]
    .rodata              const    0x0002854c      0xc  af-main-common.o [22]
    .rodata              const    0x00028558      0xc  af-main-common.o [22]
    .rodata              const    0x00028564      0x8  af-main-common.o [22]
    .rodata              const    0x0002856c     0x18  af-main-common.o [22]
    .rodata              const    0x00028584     0x30  af-main-common.o [22]
    .rodata              const    0x000285b4     0x1c  af-main-common.o [22]
    .rodata              const    0x000285d0      0x8  af-main-common.o [22]
    .rodata              const    0x000285d8     0x18  af-main-common.o [22]
    .rodata              const    0x000285f0     0x10  af-main-common.o [22]
    .rodata              const    0x00028600     0x48  af-main-common.o [22]
    .rodata              const    0x00028648     0x18  af-main-soc.o [22]
    .rodata              const    0x00028660     0x20  af-main-soc.o [22]
    .rodata              const    0x00028680     0x14  af-main-soc.o [22]
    .rodata              const    0x00028694      0x8  af-main-soc.o [22]
    .rodata              const    0x0002869c     0x10  af-main-soc.o [22]
    .rodata              const    0x000286ac      0xc  af-main-soc.o [22]
    .rodata              const    0x000286b8     0x14  af-main-soc.o [22]
    .rodata              const    0x000286cc      0xc  af-main-soc.o [22]
    .rodata              const    0x000286d8      0xc  af-main-soc.o [22]
    .rodata              const    0x000286e4     0x18  af-main-soc.o [22]
    .rodata              const    0x000286fc     0x18  af-main-soc.o [22]
    .rodata              const    0x00028714      0x4  af-trust-center.o [22]
    .rodata              const    0x00028718     0x30  attribute-size.o [22]
    .rodata              const    0x00028748      0xc  attribute-storage.o [22]
    .rodata              const    0x00028754     0x14  attribute-storage.o [22]
    .rodata              const    0x00028768      0x8  attribute-storage.o [22]
    .rodata              const    0x00028770      0x4  attribute-storage.o [22]
    .rodata              const    0x00028774      0x4  attribute-storage.o [22]
    .rodata              const    0x00028778     0x10  core-cli.o [22]
    .rodata              const    0x00028788     0x10  core-cli.o [22]
    .rodata              const    0x00028798     0x1c  core-cli.o [22]
    .rodata              const    0x000287b4      0x8  core-cli.o [22]
    .rodata              const    0x000287bc     0x18  core-cli.o [22]
    .rodata              const    0x000287d4     0x18  core-cli.o [22]
    .rodata              const    0x000287ec      0x8  core-cli.o [22]
    .rodata              const    0x000287f4     0x20  core-cli.o [22]
    .rodata              const    0x00028814      0xc  core-cli.o [22]
    .rodata              const    0x00028820      0xc  core-cli.o [22]
    .rodata              const    0x0002882c     0x20  core-cli.o [22]
    .rodata              const    0x0002884c      0xc  core-cli.o [22]
    .rodata              const    0x00028858     0x24  core-cli.o [22]
    .rodata              const    0x0002887c      0xc  core-cli.o [22]
    .rodata              const    0x00028888      0x8  core-cli.o [22]
    .rodata              const    0x00028890      0x8  core-cli.o [22]
    .rodata              const    0x00028898     0x10  core-cli.o [22]
    .rodata              const    0x000288a8      0xc  core-cli.o [22]
    .rodata              const    0x000288b4     0x14  core-cli.o [22]
    .rodata              const    0x000288c8      0xc  core-cli.o [22]
    .rodata              const    0x000288d4     0x20  core-cli.o [22]
    .rodata              const    0x000288f4      0x8  core-cli.o [22]
    .rodata              const    0x000288fc      0xc  core-cli.o [22]
    .rodata              const    0x00028908     0x34  core-cli.o [22]
    .rodata              const    0x0002893c     0x18  core-cli.o [22]
    .rodata              const    0x00028954      0xc  core-cli.o [22]
    .rodata              const    0x00028960      0xc  core-cli.o [22]
    .rodata              const    0x0002896c     0x10  core-cli.o [22]
    .rodata              const    0x0002897c      0xc  core-cli.o [22]
    .rodata              const    0x00028988      0xc  core-cli.o [22]
    .rodata              const    0x00028994     0x14  core-cli.o [22]
    .rodata              const    0x000289a8     0x1c  core-cli.o [22]
    .rodata              const    0x000289c4      0x8  core-cli.o [22]
    .rodata              const    0x000289cc      0xc  core-cli.o [22]
    .rodata              const    0x000289d8      0x8  core-cli.o [22]
    .rodata              const    0x000289e0     0x20  core-cli.o [22]
    .rodata              const    0x00028a00      0x8  core-cli.o [22]
    .rodata              const    0x00028a08     0x10  core-cli.o [22]
    .rodata              const    0x00028a18     0x10  core-cli.o [22]
    .rodata              const    0x00028a28      0x8  core-cli.o [22]
    .rodata              const    0x00028a30      0xc  core-cli.o [22]
    .rodata              const    0x00028a3c      0x8  core-cli.o [22]
    .rodata              const    0x00028a44      0xc  core-cli.o [22]
    .rodata              const    0x00028a50     0x1c  core-cli.o [22]
    .rodata              const    0x00028a6c      0x4  core-cli.o [22]
    .rodata              const    0x00028a70     0x18  message.o [22]
    .rodata              const    0x00028a88      0x8  network-cli.o [22]
    .rodata              const    0x00028a90      0x8  network-cli.o [22]
    .rodata              const    0x00028a98      0x8  network-cli.o [22]
    .rodata              const    0x00028aa0     0x18  network-cli.o [22]
    .rodata              const    0x00028ab8     0x1c  network-cli.o [22]
    .rodata              const    0x00028ad4     0x10  network-cli.o [22]
    .rodata              const    0x00028ae4      0x8  network-cli.o [22]
    .rodata              const    0x00028aec     0x14  network-cli.o [22]
    .rodata              const    0x00028b00     0x14  network-cli.o [22]
    .rodata              const    0x00028b14     0x20  network-cli.o [22]
    .rodata              const    0x00028b34     0x1c  network-cli.o [22]
    .rodata              const    0x00028b50     0x18  network-cli.o [22]
    .rodata              const    0x00028b68     0x1c  network-cli.o [22]
    .rodata              const    0x00028b84     0x10  network-cli.o [22]
    .rodata              const    0x00028b94     0x1c  network-cli.o [22]
    .rodata              const    0x00028bb0     0x18  network-cli.o [22]
    .rodata              const    0x00028bc8      0x8  network-cli.o [22]
    .rodata              const    0x00028bd0     0x14  network-cli.o [22]
    .rodata              const    0x00028be4     0x14  network-cli.o [22]
    .rodata              const    0x00028bf8      0x8  network-cli.o [22]
    .rodata              const    0x00028c00     0x1c  network-cli.o [22]
    .rodata              const    0x00028c1c     0x20  network-cli.o [22]
    .rodata              const    0x00028c3c     0x30  network-cli.o [22]
    .rodata              const    0x00028c6c     0x30  network-cli.o [22]
    .rodata              const    0x00028c9c     0x1c  option-cli.o [22]
    .rodata              const    0x00028cb8      0xc  option-cli.o [22]
    .rodata              const    0x00028cc4     0x1c  option-cli.o [22]
    .rodata              const    0x00028ce0     0x18  option-cli.o [22]
    .rodata              const    0x00028cf8     0x14  option-cli.o [22]
    .rodata              const    0x00028d0c      0xc  option-cli.o [22]
    .rodata              const    0x00028d18      0x8  option-cli.o [22]
    .rodata              const    0x00028d20      0x8  option-cli.o [22]
    .rodata              const    0x00028d28      0x8  option-cli.o [22]
    .rodata              const    0x00028d30      0x8  option-cli.o [22]
    .rodata              const    0x00028d38      0x8  option-cli.o [22]
    .rodata              const    0x00028d40      0x8  option-cli.o [22]
    .rodata              const    0x00028d48      0x8  option-cli.o [22]
    .rodata              const    0x00028d50     0x30  option-cli.o [22]
    .rodata              const    0x00028d80      0x8  option-cli.o [22]
    .rodata              const    0x00028d88     0x24  option-cli.o [22]
    .rodata              const    0x00028dac     0x20  option-cli.o [22]
    .rodata              const    0x00028dcc     0x18  option-cli.o [22]
    .rodata              const    0x00028de4     0x10  option-cli.o [22]
    .rodata              const    0x00028df4     0x24  option-cli.o [22]
    .rodata              const    0x00028e18     0x3c  option-cli.o [22]
    .rodata              const    0x00028e54     0x20  option-cli.o [22]
    .rodata              const    0x00028e74     0x18  option-cli.o [22]
    .rodata              const    0x00028e8c     0x14  option-cli.o [22]
    .rodata              const    0x00028ea0     0x14  option-cli.o [22]
    .rodata              const    0x00028eb4     0x18  print-formatter.o [22]
    .rodata              const    0x00028ecc      0x8  print.o [22]
    .rodata              const    0x00028ed4      0x8  print.o [22]
    .rodata              const    0x00028edc      0xc  print.o [22]
    .rodata              const    0x00028ee8     0x1c  print.o [22]
    .rodata              const    0x00028f04     0x10  print.o [22]
    .rodata              const    0x00028f14     0x2c  process-cluster-message.o [22]
    .rodata              const    0x00028f40      0x8  process-cluster-message.o [22]
    .rodata              const    0x00028f48      0xc  process-global-message.o [22]
    .rodata              const    0x00028f54     0x1c  process-global-message.o [22]
    .rodata              const    0x00028f70      0x8  process-global-message.o [22]
    .rodata              const    0x00028f78     0x18  process-global-message.o [22]
    .rodata              const    0x00028f90     0x18  security-cli.o [22]
    .rodata              const    0x00028fa8      0x8  security-cli.o [22]
    .rodata              const    0x00028fb0      0x8  security-cli.o [22]
    .rodata              const    0x00028fb8     0x38  security-cli.o [22]
    .rodata              const    0x00028ff0     0x10  security-cli.o [22]
    .rodata              const    0x00029000      0x8  security-cli.o [22]
    .rodata              const    0x00029008     0x14  security-cli.o [22]
    .rodata              const    0x0002901c      0x8  security-cli.o [22]
    .rodata              const    0x00029024      0xc  security-cli.o [22]
    .rodata              const    0x00029030      0x8  security-cli.o [22]
    .rodata              const    0x00029038      0xc  security-cli.o [22]
    .rodata              const    0x00029044     0x14  security-cli.o [22]
    .rodata              const    0x00029058     0x10  security-cli.o [22]
    .rodata              const    0x00029068     0x28  security-cli.o [22]
    .rodata              const    0x00029090     0x38  security-cli.o [22]
    .rodata              const    0x000290c8      0x8  security-cli.o [22]
    .rodata              const    0x000290d0      0x8  security-cli.o [22]
    .rodata              const    0x000290d8      0x8  security-cli.o [22]
    .rodata              const    0x000290e0     0x10  security-cli.o [22]
    .rodata              const    0x000290f0     0x3c  security-cli.o [22]
    .rodata              const    0x0002912c      0x8  security-cli.o [22]
    .rodata              const    0x00029134      0xc  security-cli.o [22]
    .rodata              const    0x00029140     0x44  security-cli.o [22]
    .rodata              const    0x00029184      0x8  security-cli.o [22]
    .rodata              const    0x0002918c      0xc  security-cli.o [22]
    .rodata              const    0x00029198     0x50  security-cli.o [22]
    .rodata              const    0x000291e8     0x24  time-util.o [22]
    .rodata              const    0x0002920c      0xc  time-util.o [22]
    .rodata              const    0x00029218     0x18  util.o [22]
    .rodata              const    0x00029230      0x8  util.o [22]
    .rodata              const    0x00029238      0x8  util.o [22]
    .rodata              const    0x00029240     0x20  util.o [22]
    .rodata              const    0x00029260      0xc  util.o [22]
    .rodata              const    0x0002926c     0x20  util.o [22]
    .rodata              const    0x0002928c     0x20  util.o [22]
    .rodata              const    0x000292ac     0x1c  util.o [22]
    .rodata              const    0x000292c8      0x8  util.o [22]
    .rodata              const    0x000292d0     0x28  util.o [22]
    .rodata              const    0x000292f8      0x8  util.o [22]
    .rodata              const    0x00029300      0x8  util.o [22]
    .rodata              const    0x00029308      0x8  util.o [22]
    .rodata              const    0x00029310      0x8  util.o [22]
    .rodata              const    0x00029318     0x1c  util.o [22]
    .rodata              const    0x00029334      0x8  util.o [22]
    .rodata              const    0x0002933c     0x1c  util.o [22]
    .rodata              const    0x00029358     0x28  util.o [22]
    .rodata              const    0x00029380     0x28  util.o [22]
    .rodata              const    0x000293a8      0x8  util.o [22]
    .rodata              const    0x000293b0     0x28  util.o [22]
    .rodata              const    0x000293d8     0x1c  util.o [22]
    .rodata              const    0x000293f4      0x8  util.o [22]
    .rodata              const    0x000293fc     0x10  util.o [22]
    .rodata              const    0x0002940c     0x10  util.o [22]
    .rodata              const    0x0002941c      0x8  util.o [22]
    .rodata              const    0x00029424     0x20  util.o [22]
    .rodata              const    0x00029444     0x14  util.o [22]
    .rodata              const    0x00029458     0x24  zcl-cli.o [22]
    .rodata              const    0x0002947c      0xc  zcl-cli.o [22]
    .rodata              const    0x00029488     0x44  zcl-cli.o [22]
    .rodata              const    0x000294cc     0x28  zcl-cli.o [22]
    .rodata              const    0x000294f4     0x34  zcl-cli.o [22]
    .rodata              const    0x00029528     0x30  zcl-cli.o [22]
    .rodata              const    0x00029558      0x8  zcl-cli.o [22]
    .rodata              const    0x00029560     0x28  zcl-cli.o [22]
    .rodata              const    0x00029588     0x1c  zcl-cli.o [22]
    .rodata              const    0x000295a4     0x10  zcl-cli.o [22]
    .rodata              const    0x000295b4     0x10  zcl-cli.o [22]
    .rodata              const    0x000295c4     0x10  zcl-cli.o [22]
    .rodata              const    0x000295d4     0x14  zcl-cli.o [22]
    .rodata              const    0x000295e8     0x1c  zcl-cli.o [22]
    .rodata              const    0x00029604     0x14  zcl-cli.o [22]
    .rodata              const    0x00029618     0x10  zcl-cli.o [22]
    .rodata              const    0x00029628      0x8  zcl-cli.o [22]
    .rodata              const    0x00029630      0x8  zcl-cli.o [22]
    .rodata              const    0x00029638     0x14  zcl-cli.o [22]
    .rodata              const    0x0002964c     0x10  zcl-cli.o [22]
    .rodata              const    0x0002965c     0x24  zcl-cli.o [22]
    .rodata              const    0x00029680      0x8  zcl-cli.o [22]
    .rodata              const    0x00029688      0xc  zcl-cli.o [22]
    .rodata              const    0x00029694     0x10  zcl-cli.o [22]
    .rodata              const    0x000296a4      0x8  zcl-cli.o [22]
    .rodata              const    0x000296ac      0x8  zcl-cli.o [22]
    .rodata              const    0x000296b4     0x18  zcl-cli.o [22]
    .rodata              const    0x000296cc     0x18  zcl-cli.o [22]
    .rodata              const    0x000296e4      0x8  zcl-cli.o [22]
    .rodata              const    0x000296ec     0x18  zcl-cli.o [22]
    .rodata              const    0x00029704      0x8  zcl-cli.o [22]
    .rodata              const    0x0002970c     0x18  zdo-cli.o [22]
    .rodata              const    0x00029724     0x18  zdo-cli.o [22]
    .rodata              const    0x0002973c     0x18  zdo-cli.o [22]
    .rodata              const    0x00029754     0x40  zdo-cli.o [22]
    .rodata              const    0x00029794     0x30  zdo-cli.o [22]
    .rodata              const    0x000297c4     0x10  zdo-cli.o [22]
    .rodata              const    0x000297d4     0x18  zdo-cli.o [22]
    .rodata              const    0x000297ec     0x20  zdo-cli.o [22]
    .rodata              const    0x0002980c     0x1c  zdo-cli.o [22]
    .rodata              const    0x00029828     0x20  zdo-cli.o [22]
    .rodata              const    0x00029848     0x20  zdo-cli.o [22]
    .rodata              const    0x00029868     0x14  zdo-cli.o [22]
    .rodata              const    0x0002987c     0x20  zdo-cli.o [22]
    .rodata              const    0x0002989c     0x20  zdo-cli.o [22]
    .rodata              const    0x000298bc     0x18  zdo-cli.o [22]
    .rodata              const    0x000298d4     0x1c  zdo-cli.o [22]
    .rodata              const    0x000298f0     0x10  zdo-cli.o [22]
    .rodata              const    0x00029900      0xc  zdo-cli.o [22]
    .rodata              const    0x0002990c     0x18  zdo-cli.o [22]
    .rodata              const    0x00029924     0x14  zdo-cli.o [22]
    .rodata              const    0x00029938      0x8  zdo-cli.o [22]
    .rodata              const    0x00029940      0x8  zdo-cli.o [22]
    .rodata              const    0x00029948     0x34  zdo-cli.o [22]
    .rodata              const    0x0002997c     0x14  zdo-cli.o [22]
    .rodata              const    0x00029990     0x14  update-tc-link-key.o [21]
    .rodata              const    0x000299a4     0x18  update-tc-link-key.o [21]
    .rodata              const    0x000299bc      0x8  update-tc-link-key.o [21]
    .rodata              const    0x000299c4      0x8  update-tc-link-key.o [21]
    .rodata              const    0x000299cc      0xc  update-tc-link-key.o [21]
    .rodata              const    0x000299d8     0x10  update-tc-link-key.o [21]
    .rodata              const    0x000299e8     0x30  update-tc-link-key.o [21]
    .rodata              const    0x00029a18     0x28  serial.o [18]
    .rodata              const    0x00029a40      0x8  com.o [17]
    .rodata              const    0x00029a48     0x1c  nvm3_hal_flash.o [15]
    .rodata              const    0x00029a64      0x4  nvm3_lock.o [14]
    .rodata              const    0x00029a68     0x18  network-steering-cli.o [13]
    .rodata              const    0x00029a80     0x14  network-steering-cli.o [13]
    .rodata              const    0x00029a94      0x8  network-steering-cli.o [13]
    .rodata              const    0x00029a9c      0xc  network-steering-cli.o [13]
    .rodata              const    0x00029aa8     0x14  network-steering-cli.o [13]
    .rodata              const    0x00029abc     0x1c  network-steering-cli.o [13]
    .rodata              const    0x00029ad8      0x8  network-steering-cli.o [13]
    .rodata              const    0x00029ae0      0xc  network-steering-cli.o [13]
    .rodata              const    0x00029aec      0x8  network-steering-cli.o [13]
    .rodata              const    0x00029af4      0x8  network-steering-cli.o [13]
    .rodata              const    0x00029afc     0x10  network-steering-cli.o [13]
    .rodata              const    0x00029b0c     0x10  network-steering-cli.o [13]
    .rodata              const    0x00029b1c     0x10  network-steering-cli.o [13]
    .rodata              const    0x00029b2c     0x14  network-steering-cli.o [13]
    .rodata              const    0x00029b40     0x14  network-steering-cli.o [13]
    .rodata              const    0x00029b54     0x14  network-steering-cli.o [13]
    .rodata              const    0x00029b68     0x14  network-steering-cli.o [13]
    .rodata              const    0x00029b7c     0x14  network-steering-cli.o [13]
    .rodata              const    0x00029b90     0x10  network-steering-cli.o [13]
    .rodata              const    0x00029ba0      0x8  network-steering-cli.o [13]
    .rodata              const    0x00029ba8     0xa0  network-steering-cli.o [13]
    .rodata              const    0x00029c48      0x8  network-steering-v2.o [13]
    .rodata              const    0x00029c50     0x2c  network-steering-v2.o [13]
    .rodata              const    0x00029c7c     0x30  network-steering-v2.o [13]
    .rodata              const    0x00029cac     0x30  network-steering-v2.o [13]
    .rodata              const    0x00029cdc     0x30  network-steering-v2.o [13]
    .rodata              const    0x00029d0c     0x30  network-steering-v2.o [13]
    .rodata              const    0x00029d3c     0x30  network-steering-v2.o [13]
    .rodata              const    0x00029d6c     0x50  network-steering-v2.o [13]
    .rodata              const    0x00029dbc     0x54  network-steering-v2.o [13]
    .rodata              const    0x00029e10     0x30  network-steering-v2.o [13]
    .rodata              const    0x00029e40     0x70  network-steering-v2.o [13]
    .rodata              const    0x00029eb0     0x38  network-steering-v2.o [13]
    .rodata              const    0x00029ee8     0x20  network-steering-v2.o [13]
    .rodata              const    0x00029f08     0x28  network-steering-v2.o [13]
    .rodata              const    0x00029f30     0x18  network-steering-v2.o [13]
    .rodata              const    0x00029f48     0x14  network-steering-v2.o [13]
    .rodata              const    0x00029f5c     0x18  network-steering-v2.o [13]
    .rodata              const    0x00029f74     0x30  network-steering-v2.o [13]
    .rodata              const    0x00029fa4      0x8  network-steering-v2.o [13]
    .rodata              const    0x00029fac      0xc  network-steering-v2.o [13]
    .rodata              const    0x00029fb8     0x2c  network-steering-v2.o [13]
    .rodata              const    0x00029fe4     0x24  network-steering-v2.o [13]
    .rodata              const    0x0002a008     0x18  network-steering-v2.o [13]
    .rodata              const    0x0002a020     0x10  network-steering-v2.o [13]
    .rodata              const    0x0002a030     0x2c  network-steering-v2.o [13]
    .rodata              const    0x0002a05c     0x54  network-steering-v2.o [13]
    .rodata              const    0x0002a0b0      0x8  network-steering-v2.o [13]
    .rodata              const    0x0002a0b8     0x10  network-steering-v2.o [13]
    .rodata              const    0x0002a0c8      0x8  network-steering-v2.o [13]
    .rodata              const    0x0002a0d0      0x8  network-steering-v2.o [13]
    .rodata              const    0x0002a0d8     0x2c  network-steering-v2.o [13]
    .rodata              const    0x0002a104     0x1c  network-steering-v2.o [13]
    .rodata              const    0x0002a120     0x24  network-steering-v2.o [13]
    .rodata              const    0x0002a144     0x10  network-steering-v2.o [13]
    .rodata              const    0x0002a154     0x10  network-steering-v2.o [13]
    .rodata              const    0x0002a164     0x10  network-steering-v2.o [13]
    .rodata              const    0x0002a174     0x14  hal-config.o [11]
    .rodata              const    0x0002a188     0x10  hal-config.o [11]
    .rodata              const    0x0002a198     0x10  hal-config.o [11]
    .rodata              const    0x0002a1a8     0x48  em_rmu.o [10]
    .rodata              const    0x0002a1f0     0x10  dmadrv.o [9]
    .rodata              const    0x0002a200     0x10  dmadrv.o [9]
    .rodata              const    0x0002a210      0x4  dmadrv.o [9]
    .rodata              const    0x0002a214      0xc  sl_sleeptimer_hal_rtcc.o [9]
    .rodata              const    0x0002a220      0x8  sl_sleeptimer_hal_rtcc.o [9]
    .rodata              const    0x0002a228     0x1c  uartdrv.o [9]
    .rodata              const    0x0002a244     0x10  ustimer.o [9]
    .rodata              const    0x0002a254     0x24  ember-printf.o [8]
    .rodata              const    0x0002a278     0x14  assert-crash-handlers.o [7]
    .rodata              const    0x0002a28c     0x10  button.o [7]
    .rodata              const    0x0002a29c     0x24  cstartup-common.o [7]
    .rodata              const    0x0002a2c0     0x40  diagnostic.o [7]
    .rodata              const    0x0002a300     0x38  diagnostic.o [7]
    .rodata              const    0x0002a338     0x44  diagnostic.o [7]
    .rodata              const    0x0002a37c     0x3c  diagnostic.o [7]
    .rodata              const    0x0002a3b8     0x30  diagnostic.o [7]
    .rodata              const    0x0002a3e8     0x30  diagnostic.o [7]
    .rodata              const    0x0002a418     0x24  diagnostic.o [7]
    .rodata              const    0x0002a43c     0x28  diagnostic.o [7]
    .rodata              const    0x0002a464     0x40  diagnostic.o [7]
    .rodata              const    0x0002a4a4     0x3c  diagnostic.o [7]
    .rodata              const    0x0002a4e0     0x30  diagnostic.o [7]
    .rodata              const    0x0002a510     0x38  diagnostic.o [7]
    .rodata              const    0x0002a548     0x3c  diagnostic.o [7]
    .rodata              const    0x0002a584     0x30  diagnostic.o [7]
    .rodata              const    0x0002a5b4     0x38  diagnostic.o [7]
    .rodata              const    0x0002a5ec     0x30  diagnostic.o [7]
    .rodata              const    0x0002a61c     0x40  diagnostic.o [7]
    .rodata              const    0x0002a65c      0xc  diagnostic.o [7]
    .rodata              const    0x0002a668     0x10  diagnostic.o [7]
    .rodata              const    0x0002a678      0xc  diagnostic.o [7]
    .rodata              const    0x0002a684      0xc  diagnostic.o [7]
    .rodata              const    0x0002a690      0xc  diagnostic.o [7]
    .rodata              const    0x0002a69c     0x10  diagnostic.o [7]
    .rodata              const    0x0002a6ac     0x10  diagnostic.o [7]
    .rodata              const    0x0002a6bc      0xc  diagnostic.o [7]
    .rodata              const    0x0002a6c8      0xc  diagnostic.o [7]
    .rodata              const    0x0002a6d4     0x10  diagnostic.o [7]
    .rodata              const    0x0002a6e4      0xc  diagnostic.o [7]
    .rodata              const    0x0002a6f0     0x10  diagnostic.o [7]
    .rodata              const    0x0002a700     0x10  diagnostic.o [7]
    .rodata              const    0x0002a710      0xc  diagnostic.o [7]
    .rodata              const    0x0002a71c      0xc  diagnostic.o [7]
    .rodata              const    0x0002a728      0xc  diagnostic.o [7]
    .rodata              const    0x0002a734      0xc  diagnostic.o [7]
    .rodata              const    0x0002a740     0x10  diagnostic.o [7]
    .rodata              const    0x0002a750      0xc  diagnostic.o [7]
    .rodata              const    0x0002a75c     0x10  diagnostic.o [7]
    .rodata              const    0x0002a76c     0x10  diagnostic.o [7]
    .rodata              const    0x0002a77c     0x10  diagnostic.o [7]
    .rodata              const    0x0002a78c      0xc  diagnostic.o [7]
    .rodata              const    0x0002a798      0xc  diagnostic.o [7]
    .rodata              const    0x0002a7a4      0xc  diagnostic.o [7]
    .rodata              const    0x0002a7b0      0xc  diagnostic.o [7]
    .rodata              const    0x0002a7bc     0x10  diagnostic.o [7]
    .rodata              const    0x0002a7cc      0xc  diagnostic.o [7]
    .rodata              const    0x0002a7d8     0x10  diagnostic.o [7]
    .rodata              const    0x0002a7e8      0xc  diagnostic.o [7]
    .rodata              const    0x0002a7f4      0xc  diagnostic.o [7]
    .rodata              const    0x0002a800     0x10  diagnostic.o [7]
    .rodata              const    0x0002a810     0x10  diagnostic.o [7]
    .rodata              const    0x0002a820      0xc  diagnostic.o [7]
    .rodata              const    0x0002a82c      0x8  diagnostic.o [7]
    .rodata              const    0x0002a834      0x8  diagnostic.o [7]
    .rodata              const    0x0002a83c      0x8  diagnostic.o [7]
    .rodata              const    0x0002a844      0x8  diagnostic.o [7]
    .rodata              const    0x0002a84c     0x30  diagnostic.o [7]
    .rodata              const    0x0002a87c     0x3c  diagnostic.o [7]
    .rodata              const    0x0002a8b8     0x2c  diagnostic.o [7]
    .rodata              const    0x0002a8e4     0x20  diagnostic.o [7]
    .rodata              const    0x0002a904     0x30  diagnostic.o [7]
    .rodata              const    0x0002a934     0x18  diagnostic.o [7]
    .rodata              const    0x0002a94c     0x40  diagnostic.o [7]
    .rodata              const    0x0002a98c     0x30  diagnostic.o [7]
    .rodata              const    0x0002a9bc     0x1c  diagnostic.o [7]
    .rodata              const    0x0002a9d8     0x1c  diagnostic.o [7]
    .rodata              const    0x0002a9f4     0x18  diagnostic.o [7]
    .rodata              const    0x0002aa0c     0x3c  diagnostic.o [7]
    .rodata              const    0x0002aa48     0x34  diagnostic.o [7]
    .rodata              const    0x0002aa7c     0x3c  diagnostic.o [7]
    .rodata              const    0x0002aab8     0x28  diagnostic.o [7]
    .rodata              const    0x0002aae0     0x1c  diagnostic.o [7]
    .rodata              const    0x0002aafc      0x8  diagnostic.o [7]
    .rodata              const    0x0002ab04     0x18  diagnostic.o [7]
    .rodata              const    0x0002ab1c     0x48  diagnostic.o [7]
    .rodata              const    0x0002ab64     0x30  diagnostic.o [7]
    .rodata              const    0x0002ab94     0x1c  diagnostic.o [7]
    .rodata              const    0x0002abb0     0x24  diagnostic.o [7]
    .rodata              const    0x0002abd4      0xc  diagnostic.o [7]
    .rodata              const    0x0002abe0     0x68  diagnostic.o [7]
    .rodata              const    0x0002ac48     0x88  diagnostic.o [7]
    .rodata              const    0x0002acd0     0xcc  diagnostic.o [7]
    .rodata              const    0x0002ad9c     0x10  led.o [7]
    .rodata              const    0x0002adac      0xc  mfg-token.o [7]
    .rodata              const    0x0002adb8      0x8  mfg-token.o [7]
    .rodata              const    0x0002adc0      0xc  micro-common.o [7]
    .rodata              const    0x0002adcc      0x8  micro.o [7]
    .rodata              const    0x0002add4      0x8  micro.o [7]
    .rodata              const    0x0002addc      0x8  micro.o [7]
    .rodata              const    0x0002ade4     0x30  micro.o [7]
    .rodata              const    0x0002ae14      0x4  micro.o [7]
    .rodata              const    0x0002ae18     0x58  micro.o [7]
    .rodata              const    0x0002ae70     0x20  micro.o [7]
    .rodata              const    0x0002ae90      0xc  micro.o [7]
    .rodata              const    0x0002ae9c      0x8  micro.o [7]
    .rodata              const    0x0002aea4      0xc  micro.o [7]
    .rodata              const    0x0002aeb0     0x10  micro.o [7]
    .rodata              const    0x0002aec0      0x8  micro.o [7]
    .rodata              const    0x0002aec8      0xc  micro.o [7]
    .rodata              const    0x0002aed4     0x10  micro.o [7]
    .rodata              const    0x0002aee4     0x20  micro.o [7]
    .rodata              const    0x0002af04     0x20  micro.o [7]
    .rodata              const    0x0002af24     0x30  micro.o [7]
    .rodata              const    0x0002af54     0x10  sleep-efm32.o [7]
    .rodata              const    0x0002af64      0x8  token.o [7]
    .rodata              const    0x0002af6c     0x10  debug-jtag-efr32.o [6]
    .rodata              const    0x0002af7c      0xc  SEGGER_RTT.o [5]
    .rodata              const    0x0002af88      0x8  SEGGER_RTT.o [5]
    .rodata              const    0x0002af90     0x14  ZigbeeMinimalSoc_callbacks.o [1]
    .rodata              const    0x0002afa4      0x8  ZigbeeMinimalSoc_callbacks.o [1]
    .rodata              const    0x0002afac      0xc  ZigbeeMinimalSoc_callbacks.o [1]
    .rodata              const    0x0002afb8     0x18  ZigbeeMinimalSoc_callbacks.o [1]
    .rodata              const    0x0002afd0     0x14  command-interpreter2.o [1]
    .rodata              const    0x0002afe4     0x10  command-interpreter2.o [1]
    .rodata              const    0x0002aff4     0x18  command-interpreter2.o [1]
    .rodata              const    0x0002b00c     0x14  command-interpreter2.o [1]
    .rodata              const    0x0002b020     0x14  command-interpreter2.o [1]
    .rodata              const    0x0002b034      0xc  command-interpreter2.o [1]
    .rodata              const    0x0002b040     0x10  command-interpreter2.o [1]
    .rodata              const    0x0002b050      0xc  command-interpreter2.o [1]
    .rodata              const    0x0002b05c      0xc  command-interpreter2.o [1]
    .rodata              const    0x0002b068      0xc  command-interpreter2.o [1]
    .rodata              const    0x0002b074      0xc  command-interpreter2.o [1]
    .rodata              const    0x0002b080      0xc  command-interpreter2.o [1]
    .rodata              const    0x0002b08c      0xc  command-interpreter2.o [1]
    .rodata              const    0x0002b098      0xc  command-interpreter2.o [1]
    .rodata              const    0x0002b0a4      0x8  command-interpreter2.o [1]
    .rodata              const    0x0002b0ac     0x1c  command-interpreter2.o [1]
    .rodata              const    0x0002b0c8     0x40  command-interpreter2.o [1]
    .rodata              const    0x0002b108      0x8  command-interpreter2.o [1]
    .rodata              const    0x0002b110      0xc  library.o [1]
    .rodata              const    0x0002b11c      0x8  library.o [1]
    .rodata              const    0x0002b124     0x10  library.o [1]
    .rodata              const    0x0002b134     0x10  library.o [1]
    .rodata              const    0x0002b144     0x14  library.o [1]
    .rodata              const    0x0002b158      0xc  library.o [1]
    .rodata              const    0x0002b164     0x10  library.o [1]
    .rodata              const    0x0002b174      0x4  library.o [1]
    .rodata              const    0x0002b178     0x10  library.o [1]
    .rodata              const    0x0002b188     0x10  library.o [1]
    .rodata              const    0x0002b198     0x10  library.o [1]
    .rodata              const    0x0002b1a8      0x4  library.o [1]
    .rodata              const    0x0002b1ac      0xc  library.o [1]
    .rodata              const    0x0002b1b8      0xc  library.o [1]
    .rodata              const    0x0002b1c4      0xc  library.o [1]
    .rodata              const    0x0002b1d0      0x4  library.o [1]
    .rodata              const    0x0002b1d4     0x10  library.o [1]
    .rodata              const    0x0002b1e4     0x14  library.o [1]
    .rodata              const    0x0002b1f8     0x18  library.o [1]
    .rodata              const    0x0002b210     0x28  library.o [1]
    .rodata              const    0x0002b238     0x18  library.o [1]
    .rodata              const    0x0002b250      0x8  library.o [1]
    .rodata              const    0x0002b258     0x18  library.o [1]
    .rodata              const    0x0002b270     0x14  library.o [1]
    .rodata              const    0x0002b284      0xc  library.o [1]
    .rodata              const    0x0002b290      0xc  library.o [1]
    .rodata              const    0x0002b29c     0x1c  security-address-cache.o [1]
    .rodata              const    0x0002b2b8     0x88  token-def.o [1]
    .rodata              const    0x0002b340     0x24  token-def.o [1]
    .rodata              const    0x0002b364     0x24  token-def.o [1]
    .rodata              const    0x0002b388     0x24  token-def.o [1]
    .rodata              const    0x0002b3ac     0x24  token-def.o [1]
    .rodata              const    0x0002b3d0      0x4  token-def.o [1]
    .rodata              const    0x0002b3d4     0x14  token-def.o [1]
    .rodata              const    0x0002b3e8      0x4  token-def.o [1]
    .rodata              const    0x0002b3ec      0x4  token-def.o [1]
    .rodata              const    0x0002b3f0     0x14  token-def.o [1]
    .rodata              const    0x0002b404     0x10  token-def.o [1]
    .rodata              const    0x0002b414     0x1c  token-def.o [1]
    .rodata              const    0x0002b430      0x8  token-def.o [1]
    .rodata              const    0x0002b438      0xc  token-def.o [1]
    .rodata              const    0x0002b444     0x18  token-def.o [1]
    .rodata              const    0x0002b45c     0x14  token-def.o [1]
    .rodata              const    0x0002b470     0x10  token-def.o [1]
    .rodata              const    0x0002b480     0x14  token-def.o [1]
    .rodata              const    0x0002b494     0x1c  token-def.o [1]
    .rodata              const    0x0002b4b0      0x8  token-def.o [1]
    .rodata              const    0x0002b4b8      0xc  token-def.o [1]
    .rodata              const    0x0002b4c4      0x4  token-def.o [1]
    .rodata              const    0x0002b4c8     0x10  token-def.o [1]
    .rodata              const    0x0002b4d8      0xc  token-def.o [1]
    .rodata              const    0x0002b4e4     0x1c  token-def.o [1]
    .rodata              const    0x0002b500     0x5c  token-def.o [1]
    .rodata              const    0x0002b55c     0x10  token-def.o [1]
    .rodata              const    0x0002b56c     0x28  token-def.o [1]
    .rodata              const    0x0002b594     0x14  token-def.o [1]
    .rodata              const    0x0002b5a8     0x34  token-def.o [1]
    .rodata              const    0x0002b5dc      0x4  token-def.o [1]
    .rodata              const    0x0002b5e0     0x30  token-def.o [1]
    .rodata              const    0x0002b610      0x4  token-def.o [1]
    .rodata              const    0x0002b614     0x88  token-def.o [1]
    .rodata              const    0x0002b69c      0x8  znet-cli.o [1]
    .rodata              const    0x0002b6a4      0x8  znet-cli.o [1]
    .rodata              const    0x0002b6ac      0x8  znet-cli.o [1]
    .rodata              const    0x0002b6b4      0x8  znet-cli.o [1]
    .rodata              const    0x0002b6bc      0x4  znet-cli.o [1]
    .rodata              const    0x0002b6c0      0x4  znet-cli.o [1]
    .rodata              const    0x0002b6c4      0x8  znet-cli.o [1]
    .rodata              const    0x0002b6cc      0x8  znet-cli.o [1]
    .rodata              const    0x0002b6d4      0x8  znet-cli.o [1]
    .rodata              const    0x0002b6dc      0x8  znet-cli.o [1]
    .rodata              const    0x0002b6e4      0x8  znet-cli.o [1]
    .rodata              const    0x0002b6ec      0x4  znet-cli.o [1]
    .rodata              const    0x0002b6f0      0x8  znet-cli.o [1]
    .rodata              const    0x0002b6f8      0x8  znet-cli.o [1]
    .rodata              const    0x0002b700      0x8  znet-cli.o [1]
    .rodata              const    0x0002b708      0x8  znet-cli.o [1]
    .rodata              const    0x0002b710      0x8  znet-cli.o [1]
    .rodata              const    0x0002b718      0xc  znet-cli.o [1]
    .rodata              const    0x0002b724      0x8  znet-cli.o [1]
    .rodata              const    0x0002b72c      0xc  znet-cli.o [1]
    .rodata              const    0x0002b738     0x10  znet-cli.o [1]
    .rodata              const    0x0002b748     0x18  znet-cli.o [1]
    .rodata              const    0x0002b760      0xc  znet-cli.o [1]
    .rodata              const    0x0002b76c      0x8  znet-cli.o [1]
    .rodata              const    0x0002b774      0x8  znet-cli.o [1]
    .rodata              const    0x0002b77c      0x4  znet-cli.o [1]
    .rodata              const    0x0002b780      0x4  znet-cli.o [1]
    .rodata              const    0x0002b784      0x8  znet-cli.o [1]
    .rodata              const    0x0002b78c      0x8  znet-cli.o [1]
    .rodata              const    0x0002b794      0x8  znet-cli.o [1]
    .rodata              const    0x0002b79c     0x10  znet-cli.o [1]
    .rodata              const    0x0002b7ac      0x8  znet-cli.o [1]
[...]
rxBuffer                0x2000791c    0x8c  Data  Lc  phy.o [47]
rxCallback              0x00003a61    0x4c  Code  Lc  com.o [17]
rxMic                   0x20007760     0x4  Data  Lc  ccm-star.o [3]
rxNextBuffer            0x00003aad    0x3e  Code  Lc  com.o [17]
samePage                0x00013219    0x16  Code  Lc  nvm3.o [38]
savedAssertInfo         0x20006e58     0x8  Data  Lc  cstartup-common.o [7]
savedResetCause         0x20007f8e     0x2  Data  Lc  cstartup-common.o [7]
scanChannelMask         0x20007a5c     0x4  Data  Lc  scan.o [47]
scanDataCache           0x20005f34     0x1  Data  Gb  scan.o [47]
scanDuration            0x20007a41     0x1  Data  Lc  scan.o [47]
scanFrameCounter        0x20007a58     0x4  Data  Lc  scan.o [47]
scanPage                0x0001331b    0x30  Code  Lc  nvm3.o [38]
scanRequestHeader       0x20005f40     0x1  Data  Lc  zdo-channel.o [47]
scanResults             0x20005f41     0x1  Data  Lc  zdo-channel.o [47]
scanResultsHandler      0x00023b31    0x7a  Code  Lc  network-steering-v2.o [13]
scanTransmitRetries     0x20007a42     0x1  Data  Lc  scan.o [47]
scansRemaining          0x20007b77     0x1  Data  Lc  zdo-channel.o [47]
scheduleScan            0x00023acd    0x62  Code  Lc  network-steering-v2.o [13]
scheduleScanChannelMask
                        0x20006b84     0x4  Data  Lc  network-steering-v2.o [13]
score                   0x0001c5a3     0xc  Code  Lc  neighbor-exchange.o [47]
securityAddToAddressCache
                        0x0001e83d    0x84  Code  Gb  security-address-cache.o [1]
securityAddressCacheInit
                        0x0001e82d    0x10  Code  Gb  security-address-cache.o [1]
seed0                   0x20005eda     0x2  Data  Gb  random.o [1]
seed1                   0x20005edc     0x2  Data  Gb  random.o [1]
send                    0x0001d73f   0x1b4  Code  Lc  af-main-common.o [22]
sendAckedUnicast        0x0001cbdf    0xf0  Code  Lc  aps-retry.o [47]
sendApplicationKeys     0x000214cd    0xd4  Code  Lc  trust-center-util.o [47]
sendFromEui             0x20005ca8     0x8  Data  Lc  application-support.o [47]
sendFromSource          0x20005ca4     0x2  Data  Lc  application-support.o [47]
sendJoinRequest         0x0000ee01    0x5e  Code  Lc  association.o [47]
sendLeaveCommand        0x0001c40d    0x88  Code  Lc  leave.o [47]
sendMessageToVerifyTransientLinkKey
                        0x0001ac73    0x84  Code  Lc  aps-security.o [47]
sendNeighborExchange    0x0001c501    0xa2  Code  Lc  neighbor-exchange.o [47]
sendNetworkKey          0x000212a1    0x10  Code  Lc  trust-center-util.o [47]
sendNwkLeaveAnnounceWithOptions
                        0x20005f2f     0x1  Data  Gb  zigbee-device-util.o [47]
sendRejoinRequest       0x0000f0d5    0xf2  Code  Lc  association.o [47]
sendUnknownNetworkCommandResponse
                        0x0000dc1f    0x52  Code  Gb  network.o [47]
sendUpdateDevice        0x0001a987    0x4a  Code  Lc  aps-security.o [47]
sendZigDevRequestBuffer
                        0x0001f345    0x44  Code  Lc  zigbee-device-library.o [1]
sequenceNumber          0x20007fc6     0x1  Data  Lc  debug-jtag-efr32.o [6]
serialPort              0x20005f03     0x1  Data  Gb  af-main-soc.o [22]
serverMask              0x20007f96     0x2  Data  Gb  zigbee-device.o [47]
serviceDiscoveryComplete
                        0x0002348b    0x72  Code  Lc  service-discovery-common.o [22]
setCurCcaThreshold      0x000018f5    0x26  Code  Lc  phy.o [47]
setHfLeConfig           0x00000ec1    0x38  Code  Lc  em_cmu.o [10]
setInvalid              0x00021cf5    0x12  Code  Lc  nvm3_cache.o [38]
setNonvolatileBinding   0x0001f3b1    0x1a  Code  Lc  binding-table.o [24]
setOrOverrideTrustCenterEui64
                        0x000200c3    0x22  Code  Lc  aps-keys.o [47]
setRadioParameters      0x0000f9e1    0x56  Code  Lc  association.o [47]
set_comparator_for_next_timer
                        0x00000c29    0x1e  Code  Lc  sl_sleeptimer.o [9]
setupDiscoveryData      0x00023457    0x34  Code  Lc  service-discovery-common.o [22]
setupSecurity           0x00023c8b    0xda  Code  Lc  network-steering-v2.o [13]
sfdRecvNotificationEnabled
                        0x20005fbb     0x1  Data  Lc  phy.o [47]
shift                   0x000162b9    0x10  Code  Lc  random.o [1]
shortIndirectPool       0x20005f3e     0x1  Data  Lc  mac-indirect.o [47]
singletonAttributeData  0x20007fa2     0x1  Data  Gb  attribute-storage.o [22]
sl_mpu_disable_execute_from_ram
                        0x0000be67    0xbe  Code  Gb  sl_mpu.o [11]
sl_sleeptimer_get_tick_count64
                        0x000009e5    0x2e  Code  Gb  sl_sleeptimer.o [9]
sl_sleeptimer_get_timer_time_remaining
                        0x00000971    0x66  Code  Gb  sl_sleeptimer.o [9]
sl_sleeptimer_init      0x00000811    0x56  Code  Gb  sl_sleeptimer.o [9]
sl_sleeptimer_is_timer_running
                        0x00000939    0x30  Code  Gb  sl_sleeptimer.o [9]
sl_sleeptimer_ms32_to_tick
                        0x00000a13    0x2a  Code  Gb  sl_sleeptimer.o [9]
sl_sleeptimer_restart_timer
                        0x0000089d    0x2e  Code  Gb  sl_sleeptimer.o [9]
sl_sleeptimer_restart_timer_ms
                        0x00000489    0x14  Code  Lc  system-timer.o [36]
sl_sleeptimer_start_timer
                        0x00000867    0x30  Code  Gb  sl_sleeptimer.o [9]
sl_sleeptimer_start_timer_ms
                        0x00000475    0x14  Code  Lc  system-timer.o [36]
sl_sleeptimer_stop_timer
                        0x000008e9    0x50  Code  Gb  sl_sleeptimer.o [9]
sl_sleeptimer_tick64_to_ms
                        0x00000a7b    0x5a  Code  Gb  sl_sleeptimer.o [9]
sl_sleeptimer_tick_to_ms
                        0x00000a3d    0x3e  Code  Gb  sl_sleeptimer.o [9]
sleepTimerInterruptOccurred
                        0x200079d4     0x1  Data  Lc  system-timer.o [36]
sleeptimer_hal_disable_int
                        0x000031db    0x2a  Code  Gb  sl_sleeptimer_hal_rtcc.o [9]
sleeptimer_hal_enable_int
                        0x000031c1    0x1a  Code  Gb  sl_sleeptimer_hal_rtcc.o [9]
sleeptimer_hal_get_counter
                        0x00003175     0x6  Code  Gb  sl_sleeptimer_hal_rtcc.o [9]
sleeptimer_hal_get_timer_frequency
                        0x00003255    0x16  Code  Gb  sl_sleeptimer_hal_rtcc.o [9]
sleeptimer_hal_init_timer
                        0x00003105    0x70  Code  Gb  sl_sleeptimer_hal_rtcc.o [9]
sleeptimer_hal_is_int_status_set
                        0x00003205    0x1e  Code  Gb  sl_sleeptimer_hal_rtcc.o [9]
sleeptimer_hal_set_compare
                        0x0000317b    0x46  Code  Gb  sl_sleeptimer_hal_rtcc.o [9]
sleepyBroadcastInfo     0x20007c58     0x1  Data  Lc  jit.o [47]
stackEvents             0x0000e894   0x120  Data  Gb  zigbee-stack.o [47]
stackTokenInfo          0x00020fc4    0x28  Data  Lc  token-cache.o [47]
startChannelScan        0x000166a9    0x8a  Code  Lc  scan.o [47]
startNetworkOperation   0x0000eac1    0x44  Code  Lc  association.o [47]
startTransmission       0x00005565    0x30  Code  Lc  lower-mac-efr32.o [47]
stateMachineRun         0x00023c25    0x66  Code  Lc  network-steering-v2.o [13]
states                  0x20006178    0x40  Data  Lc  service-discovery-common.o [22]
statesInitialized       0x20007fa7     0x1  Data  Lc  service-discovery-common.o [22]
staticCmd               0x00029424    0x20  Data  Lc  util.o [22]
steeringState           0x20006b98    0x1c  Data  Gb  network-steering-v2.o [13]
storeAndForwardDelayCount
                        0x20007c64     0x1  Data  Lc  store-forward.o [47]
storeAndForwardSubmitCount
                        0x20007c65     0x1  Data  Lc  store-forward.o [47]
storedKeysList          0x20005f30     0x1  Data  Lc  aps-keys-transient.o [47]
stringToUnsignedInt     0x0001ece5    0x7a  Code  Lc  command-interpreter2.o [1]
subBandConfigs          0x0002c648    0x14  Data  Lc  radio_config_em3xxx_2.4GHz.o [47]
subBandParams           0x0002c634    0x14  Data  Lc  radio_config_em3xxx_2.4GHz.o [47]
submitCount             0x20007b31     0x1  Data  Lc  retry.o [47]
superRetriesIntervalForMacDataPoll
                        0x200079c8     0x4  Data  Lc  network.o [47]
swoOutput               0x00006711    0xdc  Code  Lc  debug-jtag-efr32.o [6]
symbolDelayCallbacks    0x20007eb4     0x8  Data  Lc  symbol-timer.o [47]
syncReg                 0x00000fe9    0x12  Code  Lc  em_cmu.o [10]
systemTimerId           0x200079d8    0x18  Data  Lc  system-timer.o [36]
tail                    0x20007fb7     0x1  Data  Lc  scan-dispatch.o [16]
tcBasedClassificationAlgorithm
                        0x0001be65    0x62  Code  Lc  beacon-handling.o [47]
tempdrvHighCallbacks    0x20006d98    0x30  Data  Lc  tempdrv.o [9]
tempdrvLowCallbacks     0x20006dc8    0x30  Data  Lc  tempdrv.o [9]
terminateScanRequest    0x0001fca9    0x28  Code  Lc  zdo-channel.o [47]
thrHard                 0x0001318b    0x20  Code  Lc  nvm3.o [38]
thrSize                 0x000131d9     0xa  Code  Lc  nvm3.o [38]
thrSoftMinimum          0x000131ab    0x20  Code  Lc  nvm3.o [38]
thrSoftUser             0x000131cb     0xe  Code  Lc  nvm3.o [38]
timeElapsed             0x20007fc4     0x1  Data  Lc  ustimer.o [9]
timeoutPools            0x00006491    0xce  Code  Lc  mac-indirect.o [47]
timer_frequency         0x20006d88     0x4  Data  Lc  sl_sleeptimer.o [9]
timer_head              0x20006d8c     0x4  Data  Lc  sl_sleeptimer.o [9]
tokenArraySize          0x0002b3ac    0x24  Data  Gb  token-def.o [1]
tokenDefaults           0x0002b614    0x88  Data  Gb  token-def.o [1]
tokenIsCnt              0x0002b340    0x24  Data  Gb  token-def.o [1]
tokenIsIdx              0x0002b364    0x24  Data  Gb  token-def.o [1]
tokenLength             0x0001e911     0xe  Code  Lc  command-interpreter2.o [1]
tokenNvm3Keys           0x0002b2b8    0x88  Data  Gb  token-def.o [1]
tokenPointer            0x0001e925    0x10  Code  Lc  command-interpreter2.o [1]
tokenSize               0x0002b388    0x24  Data  Gb  token-def.o [1]
tokensActive            0x20007fc5     0x1  Data  Lc  token.o [7]
totalInitialChildren    0x200079f3     0x1  Data  Gb  zigbee-device-util.o [47]
transientKeyFinish      0x00022657    0x38  Code  Lc  aps-keys-transient.o [47]
transportKeyFrameSizes  0x0001b5e8     0x8  Data  Lc  packet-validate.o [42]
tryToJoinNetwork        0x000238e1    0xc8  Code  Lc  network-steering-v2.o [13]
txBuffer                0x0000397f    0x3e  Code  Lc  com.o [17]
txCallback              0x00003b51    0x3c  Code  Lc  com.o [17]
txCatchUp               0x00003aeb    0x66  Code  Lc  com.o [17]
txCcaTries              0x20005fc0     0x1  Data  Lc  phy.o [47]
txCompleted             0x0000566d    0x26  Code  Lc  lower-mac-efr32.o [47]
txCsmaTries             0x00001db7    0xe6  Code  Lc  phy.o [47]
txOptions               0x20005ff8     0x4  Data  Lc  phy.o [47]
txParams                0x20005fa8     0xc  Data  Lc  phy.o [47]
txSchedulerInfo         0x20005cc4     0xc  Data  Lc  phy.o [47]
txState                 0x20005fbe     0x1  Data  Lc  phy.o [47]
uartdrvHandle           0x20006e40    0x10  Data  Lc  uartdrv.o [9]
uartdrvHandleIsInitialized
                        0x20007fc3     0x1  Data  Lc  uartdrv.o [9]
uarthandledata          0x200063a8    0x38  Data  Lc  com.o [17]
unbindRequest           0x00027a99    0x82  Code  Lc  zdo-cli.o [22]
unicastHead             0x20007e90     0x1  Data  Lc  unicast-table.o [47]
uninitializedIsr        0x00027f99          Code  Gb  faults-v7m.o [7]
unsolicitedChannelReport
                        0x20007b76     0x1  Data  Lc  zdo-channel.o [47]
unusedOriginalChannelMaskCache
                        0x20007a78     0x4  Data  Lc  scan.o [47]
unusedPanIdCache        0x20007a56     0x2  Data  Lc  scan.o [47]
updateBuffer            0x0000394b    0x2c  Code  Lc  com.o [17]
updateEvents            0x0000229b    0x4a  Code  Lc  phy.o [47]
updateInterrupts        0x0000c1eb    0x9e  Code  Lc  tempdrv.o [9]
updateTcLinkKeyState    0x20007e92     0x1  Data  Lc  aps-keys.o [47]
update_first_timer_delta
                        0x00000c47    0x24  Code  Lc  sl_sleeptimer.o [9]
upperMacState           0x20007afc    0x1c  Data  Gb  upper-mac.o [47]
useLegacyTimeoutMethod  0x20007fdd     0x1  Data  Gb  child-handling.o [47]
useMulticastBinding     0x20007fb2     0x1  Data  Lc  zcl-cli.o [22]
useNextSequence         0x20007fb0     0x1  Data  Lc  zcl-cli.o [22]
validateObj             0x00013b5b    0x26  Code  Lc  nvm3.o [38]
validateObjFragments    0x0001392f   0x226  Code  Lc  nvm3.o [38]
wakeInfo                0x20006e60     0x4  Data  Lc  sleep-efm32.o [7]
walkDelayQueue          0x0001793d    0xe0  Code  Lc  retry.o [47]
walkStoreAndForwardQueue
                        0x00017c41   0x108  Code  Lc  store-forward.o [47]
workBegin               0x00014863    0x16  Code  Lc  nvm3.o [38]
workEnd                 0x00014879    0x14  Code  Lc  nvm3.o [38]
writeFullAllowed        0x000131e3    0x18  Code  Lc  nvm3.o [38]
writeMessage            0x00006d4f    0xaa  Code  Lc  packet-buffer.o [47]
writeObj                0x0001337b   0x2da  Code  Lc  nvm3.o [38]
zclBufferAddByte        0x00026ded    0x12  Code  Gb  zcl-cli.o [22]
zclBufferAddByteFromArgument
                        0x00026e11     0x8  Code  Gb  zcl-cli.o [22]
zclBufferAddWord        0x00026dff    0x12  Code  Gb  zcl-cli.o [22]
zclBufferAddWordFromArgument
                        0x00026e21     0x6  Code  Gb  zcl-cli.o [22]
zclBufferSetup          0x00026d9b    0x52  Code  Gb  zcl-cli.o [22]
zclClusterNames         0x0002941c     0x8  Data  Gb  util.o [22]
zclCmdIsBuilt           0x20007fae     0x1  Data  Gb  zcl-cli.o [22]
zclGlobalCommandDiscoveryCommand
                        0x0002705d    0x2e  Code  Gb  zcl-cli.o [22]
zclGlobalDirection      0x20007fb1     0x1  Data  Lc  zcl-cli.o [22]
zclGlobalDirectionCommand
                        0x00026e97    0x14  Code  Gb  zcl-cli.o [22]
zclGlobalDiscoverCommand
                        0x00026f0f     0x4  Code  Gb  zcl-cli.o [22]
zclGlobalExpectReportFromMeCommand
                        0x00027037    0x26  Code  Gb  zcl-cli.o [22]
zclGlobalReadCommand    0x00026eab     0x6  Code  Gb  zcl-cli.o [22]
zclGlobalReportCommand  0x00026f1d    0x8a  Code  Gb  zcl-cli.o [22]
zclGlobalReportReadCommand
                        0x00026fa7    0x20  Code  Gb  zcl-cli.o [22]
zclGlobalSendMeAReportCommand
                        0x00026fc7    0x5a  Code  Gb  zcl-cli.o [22]
zclGlobalSetup          0x00026e7d    0x1a  Code  Gb  zcl-cli.o [22]
zclGlobalWriteCommand   0x00026eb1    0x5e  Code  Gb  zcl-cli.o [22]
zclMfgCodeCommand       0x000270a3    0x2c  Code  Gb  zcl-cli.o [22]
zclTestResponseOffCommand
                        0x0002709d     0x6  Code  Gb  zcl-cli.o [22]
zclTestResponseOnCommand
                        0x00027097     0x6  Code  Gb  zcl-cli.o [22]
zclTimeCommand          0x0002710f     0xe  Code  Gb  zcl-cli.o [22]
zclUseNextSequenceCommand
                        0x000270ed    0x22  Code  Gb  zcl-cli.o [22]
zclXDefaultRespCommand  0x000270cf    0x16  Code  Gb  zcl-cli.o [22]
zdoActiveEpCommand      0x000279ed    0x1a  Code  Gb  zdo-cli.o [22]
zdoAddClusterCommand    0x00027895    0x32  Code  Gb  zdo-cli.o [22]
zdoBindCommand          0x00027819    0x74  Code  Gb  zdo-cli.o [22]
zdoClearClusterCommand  0x000278cd    0x1c  Code  Gb  zdo-cli.o [22]
zdoConfigurationModeEnabled
                        0x20005f2e     0x1  Data  Gb  zigbee-device-util.o [47]
zdoIeeeAddressRequestCommand
                        0x00027757    0x14  Code  Gb  zdo-cli.o [22]
zdoLeaveRequestCommand  0x00027a47    0x32  Code  Gb  zdo-cli.o [22]
zdoMatchCommand         0x000277af    0x40  Code  Gb  zdo-cli.o [22]
zdoMgmtBindCommand      0x00027a27    0x20  Code  Gb  zdo-cli.o [22]
zdoMgmtLqiCommand       0x00027a07    0x20  Code  Gb  zdo-cli.o [22]
zdoNetworkUpdateChannelCommand
                        0x000278f3    0x6a  Code  Gb  zdo-cli.o [22]
zdoNetworkUpdateScanCommand
                        0x0002795d    0x56  Code  Gb  zdo-cli.o [22]
zdoNetworkUpdateSetCommand
                        0x000279b9    0x20  Code  Gb  zdo-cli.o [22]
zdoNodeCommand          0x0002778d    0x1c  Code  Gb  zdo-cli.o [22]
zdoNwkAddressRequestCommand
                        0x00027741    0x16  Code  Gb  zdo-cli.o [22]
zdoPowerDescriptorRequestCommand
                        0x00027a79    0x1a  Code  Gb  zdo-cli.o [22]
zdoRouteRequestCommand  0x00027b5f    0x22  Code  Gb  zdo-cli.o [22]
zdoSimpleCommand        0x0002776b    0x22  Code  Gb  zdo-cli.o [22]
zdoUnbindGroupCommand   0x00027b1b    0x18  Code  Gb  zdo-cli.o [22]
zdoUnbindUnicastCommand
                        0x00027b33    0x2c  Code  Gb  zdo-cli.o [22]
zigDevApsStruct         0x20007a00     0x4  Data  Lc  zigbee-device-util.o [47]
zigDevRequestRadius     0x20005f24     0x1  Data  Gb  zigbee-device-common.o [1]
zigDevRequestSequence   0x20007fd1     0x1  Data  Lc  zigbee-device-common.o [1]
zigDevRequestSequence   0x200079f0     0x1  Data  Lc  zigbee-device-util.o [47]


[1] = D:\ZigBee\ZigbeeMinimalSoc\IAR ARM - Default - EFR32MG1B232F256GM48
[2] = D:\ZigBee\ZigbeeMinimalSoc\IAR ARM - Default - EFR32MG1B232F256GM48\antenna-stub
[3] = D:\ZigBee\ZigbeeMinimalSoc\IAR ARM - Default - EFR32MG1B232F256GM48\ccm-encryption
[4] = D:\ZigBee\ZigbeeMinimalSoc\IAR ARM - Default - EFR32MG1B232F256GM48\coexistence-stub\EFR32
[5] = D:\ZigBee\ZigbeeMinimalSoc\IAR ARM - Default - EFR32MG1B232F256GM48\debug-basic-library\EFR32
[6] = D:\ZigBee\ZigbeeMinimalSoc\IAR ARM - Default - EFR32MG1B232F256GM48\debug-jtag\EFR32
[7] = D:\ZigBee\ZigbeeMinimalSoc\IAR ARM - Default - EFR32MG1B232F256GM48\efr32
[8] = D:\ZigBee\ZigbeeMinimalSoc\IAR ARM - Default - EFR32MG1B232F256GM48\ember-minimal-printf
[9] = D:\ZigBee\ZigbeeMinimalSoc\IAR ARM - Default - EFR32MG1B232F256GM48\emdrv
[10] = D:\ZigBee\ZigbeeMinimalSoc\IAR ARM - Default - EFR32MG1B232F256GM48\emlib
[11] = D:\ZigBee\ZigbeeMinimalSoc\IAR ARM - Default - EFR32MG1B232F256GM48\hal-library\EFR32
[12] = D:\ZigBee\ZigbeeMinimalSoc\IAR ARM - Default - EFR32MG1B232F256GM48\mbedtls\EFR32
[13] = D:\ZigBee\ZigbeeMinimalSoc\IAR ARM - Default - EFR32MG1B232F256GM48\network-steering
[14] = D:\ZigBee\ZigbeeMinimalSoc\IAR ARM - Default - EFR32MG1B232F256GM48\nvm3
[15] = D:\ZigBee\ZigbeeMinimalSoc\IAR ARM - Default - EFR32MG1B232F256GM48\nvm3\EFR32
[16] = D:\ZigBee\ZigbeeMinimalSoc\IAR ARM - Default - EFR32MG1B232F256GM48\scan-dispatch
[17] = D:\ZigBee\ZigbeeMinimalSoc\IAR ARM - Default - EFR32MG1B232F256GM48\serial
[18] = D:\ZigBee\ZigbeeMinimalSoc\IAR ARM - Default - EFR32MG1B232F256GM48\serial\EFR32
[19] = D:\ZigBee\ZigbeeMinimalSoc\IAR ARM - Default - EFR32MG1B232F256GM48\simple-main
[20] = D:\ZigBee\ZigbeeMinimalSoc\IAR ARM - Default - EFR32MG1B232F256GM48\strong-random
[21] = D:\ZigBee\ZigbeeMinimalSoc\IAR ARM - Default - EFR32MG1B232F256GM48\update-tc-link-key
[22] = D:\ZigBee\ZigbeeMinimalSoc\IAR ARM - Default - EFR32MG1B232F256GM48\zcl-framework-core
[23] = command line
[24] = binding-table-library.a
[25] = cbke-163k1-stub-library.a
[26] = cbke-283k1-stub-library.a
[27] = cbke-library-dsa-sign-stub.a
[28] = cbke-library-dsa-verify-283k1-stub.a
[29] = cbke-library-dsa-verify-stub.a
[30] = cbke-stub-library.a
[31] = debug-basic-library.a
[32] = debug-extended-stub-library.a
[33] = dl7M_tln.a
[34] = end-device-bind-stub-library.a
[35] = gp-stub-library.a
[36] = hal-library.a
[37] = install-code-library-stub.a
[38] = libnvm3_CM4_iar.a
[39] = librail_efr32xg1_iar_release.a
[40] = m7M_tls.a
[41] = multi-network-stub-library.a
[42] = packet-validate-library.a
[43] = rt7M_tl.a
[44] = security-library-link-keys-stub.a
[45] = sim-eeprom2-to-nvm3-upgrade-stub-library.a
[46] = source-route-stub-library.a
[47] = zigbee-pro-stack.a
[48] = zigbee-r22-support-stub-library.a
[49] = zll-stub-library.a

  163 746 bytes of readonly  code memory
   23 510 bytes of readonly  data memory
   53 313 bytes of readwrite data memory

Errors: none
Warnings: none
